
 Start         Length     Name                   Class
 0001:00401000 00036764H .text                   CODE
 0002:00438000 00000678H .itext                  ICODE
 0003:00439000 00001374H .data                   DATA
 0004:0043B000 00004C5CH .bss                    BSS
 0005:00000000 0000000CH .tls                    TLS


Detailed map of segments

 0001:00000000 00005D59 C=CODE     S=.text    G=(none)   M=System   ACBP=A9
 0001:00005D5C 00000105 C=CODE     S=.text    G=(none)   M=SysInit  ACBP=A9
 0001:00005E64 000002F0 C=CODE     S=.text    G=(none)   M=SysConst ACBP=A9
 0001:00006154 00000224 C=CODE     S=.text    G=(none)   M=Windows  ACBP=A9
 0001:00006378 00006E4D C=CODE     S=.text    G=(none)   M=SysUtils ACBP=A9
 0001:0000D1C8 000007EE C=CODE     S=.text    G=(none)   M=VarUtils ACBP=A9
 0001:0000D9B8 00002990 C=CODE     S=.text    G=(none)   M=Variants ACBP=A9
 0001:00010348 000000D0 C=CODE     S=.text    G=(none)   M=RTLConsts ACBP=A9
 0001:00010418 000008DB C=CODE     S=.text    G=(none)   M=TypInfo  ACBP=A9
 0001:00010CF4 00008399 C=CODE     S=.text    G=(none)   M=Classes  ACBP=A9
 0001:00019090 0000000E C=CODE     S=.text    G=(none)   M=WinSock  ACBP=A9
 0001:000190A0 00000105 C=CODE     S=.text    G=(none)   M=Sockets  ACBP=A9
 0001:000191A8 0000016A C=CODE     S=.text    G=(none)   M=SyncObjs ACBP=A9
 0001:00019314 00000441 C=CODE     S=.text    G=(none)   M=IdException ACBP=A9
 0001:00019758 00000220 C=CODE     S=.text    G=(none)   M=IdResourceStrings ACBP=A9
 0001:00019978 00000214 C=CODE     S=.text    G=(none)   M=IdStreamVCL ACBP=A9
 0001:00019B8C 0000435E C=CODE     S=.text    G=(none)   M=IdGlobal ACBP=A9
 0001:0001DEEC 00000261 C=CODE     S=.text    G=(none)   M=IdBaseComponent ACBP=A9
 0001:0001E150 00002F5E C=CODE     S=.text    G=(none)   M=IdWinsock2 ACBP=A9
 0001:000210B0 00000E39 C=CODE     S=.text    G=(none)   M=IdWship6 ACBP=A9
 0001:00021EEC 00000375 C=CODE     S=.text    G=(none)   M=IdIDN    ACBP=A9
 0001:00022264 00002B76 C=CODE     S=.text    G=(none)   M=IdStackWindows ACBP=A9
 0001:00024DDC 00000965 C=CODE     S=.text    G=(none)   M=IdStackBSDBase ACBP=A9
 0001:00025744 000015FA C=CODE     S=.text    G=(none)   M=IdStack  ACBP=A9
 0001:00026D40 00000614 C=CODE     S=.text    G=(none)   M=IdComponent ACBP=A9
 0001:00027354 00000DF6 C=CODE     S=.text    G=(none)   M=IdExceptionCore ACBP=A9
 0001:0002814C 00000158 C=CODE     S=.text    G=(none)   M=IdResourceStringsCore ACBP=A9
 0001:000282A4 00000A4D C=CODE     S=.text    G=(none)   M=IdBuffer ACBP=A9
 0001:00028CF4 00000504 C=CODE     S=.text    G=(none)   M=IdIntercept ACBP=A9
 0001:000291F8 0000028A C=CODE     S=.text    G=(none)   M=IdAntiFreezeBase ACBP=A9
 0001:00029484 00002A7E C=CODE     S=.text    G=(none)   M=IdIOHandler ACBP=A9
 0001:0002BF04 00000C8E C=CODE     S=.text    G=(none)   M=IdSocketHandle ACBP=A9
 0001:0002CB94 00000624 C=CODE     S=.text    G=(none)   M=IdCustomTransparentProxy ACBP=A9
 0001:0002D1B8 000001AD C=CODE     S=.text    G=(none)   M=IdIPAddress ACBP=A9
 0001:0002D368 00000524 C=CODE     S=.text    G=(none)   M=IdReply  ACBP=A9
 0001:0002D88C 0000050D C=CODE     S=.text    G=(none)   M=IdReplyRFC ACBP=A9
 0001:0002DD9C 000009A5 C=CODE     S=.text    G=(none)   M=IdTCPConnection ACBP=A9
 0001:0002E744 000008DA C=CODE     S=.text    G=(none)   M=IdIOHandlerStack ACBP=A9
 0001:0002F020 00000B9E C=CODE     S=.text    G=(none)   M=IdTCPClient ACBP=A9
 0001:0002FBC0 00002638 C=CODE     S=.text    G=(none)   M=IdSocks  ACBP=A9
 0001:000321F8 0000090D C=CODE     S=.text    G=(none)   M=IdIOHandlerSocket ACBP=A9
 0001:00032B08 00000054 C=CODE     S=.text    G=(none)   M=IdYarn   ACBP=A9
 0001:00032B5C 00000126 C=CODE     S=.text    G=(none)   M=IdTask   ACBP=A9
 0001:00032C84 00000445 C=CODE     S=.text    G=(none)   M=IdThreadSafe ACBP=A9
 0001:000330CC 000001C0 C=CODE     S=.text    G=(none)   M=IdContext ACBP=A9
 0001:0003328C 0000021C C=CODE     S=.text    G=(none)   M=IdScheduler ACBP=A9
 0001:000334A8 00000155 C=CODE     S=.text    G=(none)   M=IdServerIOHandler ACBP=A9
 0001:00033600 0000025B C=CODE     S=.text    G=(none)   M=IdServerIOHandlerSocket ACBP=A9
 0001:0003385C 00000120 C=CODE     S=.text    G=(none)   M=IdServerIOHandlerStack ACBP=A9
 0001:0003397C 0000017A C=CODE     S=.text    G=(none)   M=IdSchedulerOfThreadDefault ACBP=A9
 0001:00033AF8 000015A0 C=CODE     S=.text    G=(none)   M=IdCustomTCPServer ACBP=A9
 0001:00035098 00000219 C=CODE     S=.text    G=(none)   M=IdTCPServer ACBP=A9
 0001:000352B4 000004BF C=CODE     S=.text    G=(none)   M=IdSchedulerOfThread ACBP=A9
 0001:00035774 00000B0A C=CODE     S=.text    G=(none)   M=IdThread ACBP=A9
 0001:00036280 0000029C C=CODE     S=.text    G=(none)   M=CLIServer ACBP=A9
 0001:0003651C 00000248 C=CODE     S=.text    G=(none)   M=CLILoggerServer ACBP=A9
 0002:00000000 00000095 C=ICODE    S=.itext   G=(none)   M=System   ACBP=A9
 0002:00000098 00000011 C=ICODE    S=.itext   G=(none)   M=Windows  ACBP=A9
 0002:000000AC 00000088 C=ICODE    S=.itext   G=(none)   M=SysUtils ACBP=A9
 0002:00000134 0000000F C=ICODE    S=.itext   G=(none)   M=VarUtils ACBP=A9
 0002:00000144 000000AA C=ICODE    S=.itext   G=(none)   M=Variants ACBP=A9
 0002:000001F0 00000008 C=ICODE    S=.itext   G=(none)   M=TypInfo  ACBP=A9
 0002:000001F8 00000092 C=ICODE    S=.itext   G=(none)   M=Classes  ACBP=A9
 0002:0000028C 0000000F C=ICODE    S=.itext   G=(none)   M=Sockets  ACBP=A9
 0002:0000029C 00000060 C=ICODE    S=.itext   G=(none)   M=IdGlobal ACBP=A9
 0002:000002FC 00000138 C=ICODE    S=.itext   G=(none)   M=IdWinsock2 ACBP=A9
 0002:00000434 00000008 C=ICODE    S=.itext   G=(none)   M=IdWship6 ACBP=A9
 0002:0000043C 00000008 C=ICODE    S=.itext   G=(none)   M=IdIDN    ACBP=A9
 0002:00000444 0000007C C=ICODE    S=.itext   G=(none)   M=IdStackWindows ACBP=A9
 0002:000004C0 0000002F C=ICODE    S=.itext   G=(none)   M=IdStack  ACBP=A9
 0002:000004F0 00000014 C=ICODE    S=.itext   G=(none)   M=IdComponent ACBP=A9
 0002:00000504 00000008 C=ICODE    S=.itext   G=(none)   M=IdIOHandler ACBP=A9
 0002:0000050C 00000014 C=ICODE    S=.itext   G=(none)   M=IdIOHandlerStack ACBP=A9
 0002:00000520 00000032 C=ICODE    S=.itext   G=(none)   M=IdThread ACBP=A9
 0002:00000554 00000124 C=ICODE    S=.itext   G=(none)   M=CLILoggerServer ACBP=A9
 0003:00000000 00000794 C=DATA     S=.data    G=DGROUP   M=System   ACBP=A9
 0003:00000794 00000020 C=DATA     S=.data    G=DGROUP   M=SysInit  ACBP=A9
 0003:000007B4 0000024C C=DATA     S=.data    G=DGROUP   M=SysUtils ACBP=A9
 0003:00000A00 00000008 C=DATA     S=.data    G=DGROUP   M=VarUtils ACBP=A9
 0003:00000A08 0000008E C=DATA     S=.data    G=DGROUP   M=Variants ACBP=A9
 0003:00000A98 0000000C C=DATA     S=.data    G=DGROUP   M=TypInfo  ACBP=A9
 0003:00000AA4 00000030 C=DATA     S=.data    G=DGROUP   M=Classes  ACBP=A9
 0003:00000AD4 00000078 C=DATA     S=.data    G=DGROUP   M=IdGlobal ACBP=A9
 0003:00000B4C 00000278 C=DATA     S=.data    G=DGROUP   M=IdWinsock2 ACBP=A9
 0003:00000DC4 00000048 C=DATA     S=.data    G=DGROUP   M=IdWship6 ACBP=A9
 0003:00000E0C 00000008 C=DATA     S=.data    G=DGROUP   M=IdStackConsts ACBP=A9
 0003:00000E14 00000028 C=DATA     S=.data    G=DGROUP   M=IdIDN    ACBP=A9
 0003:00000E3C 00000024 C=DATA     S=.data    G=DGROUP   M=IdStackWindows ACBP=A9
 0003:00000E60 0000000C C=DATA     S=.data    G=DGROUP   M=IdStackBSDBase ACBP=A9
 0003:00000E6C 00000014 C=DATA     S=.data    G=DGROUP   M=IdStack  ACBP=A9
 0003:00000E80 00000024 C=DATA     S=.data    G=DGROUP   M=IdComponent ACBP=A9
 0003:00000EA4 00000004 C=DATA     S=.data    G=DGROUP   M=IdAntiFreezeBase ACBP=A9
 0003:00000EA8 00000008 C=DATA     S=.data    G=DGROUP   M=IdIOHandler ACBP=A9
 0003:00000EB0 00000004 C=DATA     S=.data    G=DGROUP   M=IdThread ACBP=A9
 0004:00000000 000027EC C=BSS      S=.bss     G=DGROUP   M=System   ACBP=A9
 0004:000027EC 0000000C C=BSS      S=.bss     G=DGROUP   M=SysInit  ACBP=A9
 0004:000027F8 00000008 C=BSS      S=.bss     G=DGROUP   M=Windows  ACBP=A9
 0004:00002800 00002108 C=BSS      S=.bss     G=DGROUP   M=SysUtils ACBP=A9
 0004:00004908 0000005C C=BSS      S=.bss     G=DGROUP   M=VarUtils ACBP=A9
 0004:00004964 00000040 C=BSS      S=.bss     G=DGROUP   M=Variants ACBP=A9
 0004:000049A4 00000004 C=BSS      S=.bss     G=DGROUP   M=TypInfo  ACBP=A9
 0004:000049A8 00000038 C=BSS      S=.bss     G=DGROUP   M=Classes  ACBP=A9
 0004:000049E0 00000194 C=BSS      S=.bss     G=DGROUP   M=Sockets  ACBP=A9
 0004:00004B74 00000004 C=BSS      S=.bss     G=DGROUP   M=IdGlobal ACBP=A9
 0004:00004B78 000000BC C=BSS      S=.bss     G=DGROUP   M=IdWinsock2 ACBP=A9
 0004:00004C34 00000004 C=BSS      S=.bss     G=DGROUP   M=IdWship6 ACBP=A9
 0004:00004C38 00000004 C=BSS      S=.bss     G=DGROUP   M=IdIDN    ACBP=A9
 0004:00004C3C 00000004 C=BSS      S=.bss     G=DGROUP   M=IdStackWindows ACBP=A9
 0004:00004C40 00000008 C=BSS      S=.bss     G=DGROUP   M=IdStack  ACBP=A9
 0004:00004C48 00000004 C=BSS      S=.bss     G=DGROUP   M=IdComponent ACBP=A9
 0004:00004C4C 00000004 C=BSS      S=.bss     G=DGROUP   M=IdIOHandler ACBP=A9
 0004:00004C50 00000004 C=BSS      S=.bss     G=DGROUP   M=IdIOHandlerStack ACBP=A9
 0004:00004C54 00000004 C=BSS      S=.bss     G=DGROUP   M=IdThread ACBP=A9
 0004:00004C58 00000004 C=BSS      S=.bss     G=DGROUP   M=CLILoggerServer ACBP=A9
 0005:00000000 00000008 C=TLS      S=.tls     G=(none)   M=System   ACBP=A9
 0005:00000008 00000004 C=TLS      S=.tls     G=(none)   M=Classes  ACBP=A9


  Address             Publics by Name

 0004:000049B0       Classes..95
 0001:00010F98       Classes..EClassNotFound
 0001:000110AC       Classes..EComponentError
 0001:00010DDC       Classes..EFCreateError
 0001:00010E90       Classes..EFilerError
 0001:00010D7C       Classes..EFileStreamError
 0001:00010E38       Classes..EFOpenError
 0001:00010FF4       Classes..EListError
 0001:00010EE8       Classes..EReadError
 0001:00010D20       Classes..EStreamError
 0001:0001104C       Classes..EStringListError
 0001:00011A90       Classes..EThread
 0001:00010F40       Classes..EWriteError
 0001:00011318       Classes..TCollection
 0001:00011260       Classes..TCollectionItem
 0001:00011C90       Classes..TComponent
 0001:000118A0       Classes..TCustomMemoryStream
 0001:00011998       Classes..TFiler
 0001:00011818       Classes..TFileStream
 0001:000117A0       Classes..THandleStream
 0001:00011108       Classes..TList
 0001:0001191C       Classes..TMemoryStream
 0001:000113EC       Classes..TOwnedCollection
 0001:000111C4       Classes..TPersistent
 0001:00015184       Classes..TPropFixup
 0001:000151FC       Classes..TPropIntfFixup
 0001:000119FC       Classes..TReader
 0001:00011DF0       Classes..TRegGroup
 0001:00011E48       Classes..TRegGroups
 0001:00011730       Classes..TStream
 0001:00011618       Classes..TStringList
 0001:000114E0       Classes..TStrings
 0001:00011B54       Classes..TThread
 0001:0001116C       Classes..TThreadList
 0001:00015DA8       Classes.AddSubComponentsToLoaded
 0001:00017EF8       Classes.AddThread
 0001:00015DE4       Classes.CheckSubComponents
 0001:00017F10       Classes.CheckSynchronize
 0002:000001F8       Classes.Classes
 0001:00012284       Classes.ClassNotFound
 0001:00015EC4       Classes.ComponentCreated
 0001:00015F44       Classes.CreateComponent
 0001:00017EAC       Classes.DoneThreadSynchronization
 0001:000135D4       Classes.DoWrite
 0001:00018FE0       Classes.Finalization
 0001:000160F4       Classes.FindExistingComponent
 0001:0001240C       Classes.FindGlobalComponent
 0004:000049BC       Classes.FindGlobalComponentProcs
 0001:00012390       Classes.FindIdentToInt
 0001:00015390       Classes.FindNestedComponent
 0001:00018F6C       Classes.FreeIntConstList
 0001:000122F0       Classes.GetClass
 0001:00012BAC       Classes.GetDesigner
 0001:00012278       Classes.GetFieldClassTable
 0004:000049C0       Classes.GlobalFixupList
 0005:00000008       Classes.GlobalLists
 0004:000049A8       Classes.GlobalNameSpace
 0001:00016868       Classes.HandleException
 0001:00017E78       Classes.InitThreadSynchronization
 0004:000049B4       Classes.IntConstList
 0001:00018FD8       Classes.ModuleUnload
 0003:00000AAC       Classes.NilMethod
 0001:00012C4C       Classes.NotifyDesigner
 0001:00011FA4       Classes.PointerInModule
 0003:00000AB8       Classes.Priorities
 0001:000155B0       Classes.PropertyNotFound
 0001:00016968       Classes.PropPathError
 0001:000155A4       Classes.PropValueError
 0001:00014B1C       Classes.RaiseException
 0001:00017894       Classes.ReadCustomVariant
 0001:0001558C       Classes.ReadError
 0001:00015EE4       Classes.Recover
 0004:000049B8       Classes.RegGroups
 0001:0001545C       Classes.RemoveFixupReferences
 0001:00015508       Classes.RemoveFixups
 0001:000158A0       Classes.RemoveGlobalFixup
 0001:00017F04       Classes.RemoveThread
 0001:00017EC4       Classes.ResetSyncEvent
 0001:00012514       Classes.ReturnAddr
 0001:00013734       Classes.ReturnAddr
 0001:00016054       Classes.SetCompName
 0001:000155DC       Classes.SetElementValue
 0001:00016CC0       Classes.SetInterfaceReference
 0001:00016BDC       Classes.SetIntIdent
 0001:00016C24       Classes.SetObjectIdent
 0001:00015E5C       Classes.SetSubComponentState
 0001:00016C64       Classes.SetVariantReference
 0001:00017EEC       Classes.SignalSyncEvent
 0001:000173B4       Classes.SkipBinary
 0001:000173E4       Classes.SkipCollection
 0001:0001738C       Classes.SkipList
 0001:00014944       Classes.StringListCompareStrings
 0004:000049AC       Classes.SyncEvent
 0003:00000AB4       Classes.SyncList
 0001:000121F0       Classes.TClassFinder.GetClass
 0001:00012F2C       Classes.TCollection.Add
 0001:00013360       Classes.TCollection.Added
 0001:00012F4C       Classes.TCollection.Assign
 0001:00012FE4       Classes.TCollection.BeginUpdate
 0001:00012FE8       Classes.TCollection.Changed
 0001:00012FF8       Classes.TCollection.Clear
 0001:00012E94       Classes.TCollection.Create
 0001:00013364       Classes.TCollection.Deleting
 0001:00012EE0       Classes.TCollection.Destroy
 0001:00013060       Classes.TCollection.EndUpdate
 0001:00013070       Classes.TCollection.GetAttr
 0001:0001306C       Classes.TCollection.GetAttrCount
 0001:0001309C       Classes.TCollection.GetCount
 0001:000130A4       Classes.TCollection.GetItem
 0001:0001307C       Classes.TCollection.GetItemAttr
 0001:000130B8       Classes.TCollection.GetNamePath
 0001:00013180       Classes.TCollection.GetPropName
 0001:0001329C       Classes.TCollection.InsertItem
 0001:00013368       Classes.TCollection.Notify
 0001:00013304       Classes.TCollection.RemoveItem
 0001:00013358       Classes.TCollection.SetItemName
 0001:0001335C       Classes.TCollection.Update
 0001:00012D18       Classes.TCollectionItem.Changed
 0001:00012CB0       Classes.TCollectionItem.Create
 0001:00012CE8       Classes.TCollectionItem.Destroy
 0001:00012D54       Classes.TCollectionItem.GetDisplayName
 0001:00012D3C       Classes.TCollectionItem.GetIndex
 0001:00012D7C       Classes.TCollectionItem.GetNamePath
 0001:00012E30       Classes.TCollectionItem.GetOwner
 0001:00012E34       Classes.TCollectionItem.SetCollection
 0001:00012E5C       Classes.TCollectionItem.SetDisplayName
 0001:00012E64       Classes.TCollectionItem.SetIndex
 0001:00018858       Classes.TComponent.BeforeDestruction
 0001:00018D90       Classes.TComponent.ChangeName
 0001:00018790       Classes.TComponent.Create
 0001:00018B20       Classes.TComponent.DefineProperties
 0001:000187DC       Classes.TComponent.Destroy
 0001:000189E8       Classes.TComponent.DestroyComponents
 0001:00018A44       Classes.TComponent.Destroying
 0001:00018E78       Classes.TComponent.ExecuteAction
 0001:00018CB0       Classes.TComponent.FindComponent
 0001:00018864       Classes.TComponent.FreeNotification
 0001:00018BB4       Classes.TComponent.GetChildOwner
 0001:00018BB8       Classes.TComponent.GetChildParent
 0001:00018BAC       Classes.TComponent.GetChildren
 0001:00018DA4       Classes.TComponent.GetComponent
 0001:00018DD0       Classes.TComponent.GetComponentCount
 0001:00018BBC       Classes.TComponent.GetNamePath
 0001:00018BD0       Classes.TComponent.GetOwner
 0001:00018BD8       Classes.TComponent.GetParentComponent
 0001:00018BA8       Classes.TComponent.HasParent
 0001:000188F8       Classes.TComponent.Insert
 0001:0001894C       Classes.TComponent.InsertComponent
 0001:00018F68       Classes.TComponent.IntfGetComponent
 0001:00018BF8       Classes.TComponent.Loaded
 0001:00018AC0       Classes.TComponent.Notification
 0001:00018C04       Classes.TComponent.PaletteCreated
 0001:00018EE8       Classes.TComponent.QueryInterface
 0001:000188B8       Classes.TComponent.ReadLeft
 0001:00018C08       Classes.TComponent.ReadState
 0001:000188CC       Classes.TComponent.ReadTop
 0001:00018924       Classes.TComponent.Remove
 0001:000189B0       Classes.TComponent.RemoveComponent
 0001:00018AA4       Classes.TComponent.RemoveFreeNotification
 0001:00018A80       Classes.TComponent.RemoveNotification
 0001:00018EC8       Classes.TComponent.SafeCallException
 0001:00018BD4       Classes.TComponent.SetChildOrder
 0001:00018DE0       Classes.TComponent.SetDesigning
 0001:00018D00       Classes.TComponent.SetName
 0001:00018BDC       Classes.TComponent.SetParentComponent
 0001:00018E30       Classes.TComponent.SetReference
 0001:00018EA0       Classes.TComponent.UpdateAction
 0001:00018BEC       Classes.TComponent.Updated
 0001:00018EE0       Classes.TComponent.UpdateRegistry
 0001:00018BE0       Classes.TComponent.Updating
 0001:00018C98       Classes.TComponent.ValidateContainer
 0001:00018CAC       Classes.TComponent.ValidateInsert
 0001:00018C18       Classes.TComponent.ValidateRename
 0001:000188E0       Classes.TComponent.WriteLeft
 0001:00018C10       Classes.TComponent.WriteState
 0001:000188EC       Classes.TComponent.WriteTop
 0001:00018F28       Classes.TComponent._AddRef
 0001:00018F48       Classes.TComponent._Release
 0001:00014F4C       Classes.TCustomMemoryStream.Read
 0001:00014F84       Classes.TCustomMemoryStream.Seek
 0001:00014F44       Classes.TCustomMemoryStream.SetPointer
 0001:00015110       Classes.TFiler.Create
 0001:00015158       Classes.TFiler.Destroy
 0001:00015180       Classes.TFiler.SetRoot
 0001:00014D58       Classes.TFileStream.Create
 0001:00014D9C       Classes.TFileStream.Create
 0001:00014F10       Classes.TFileStream.Destroy
 0001:00014C94       Classes.THandleStream.Create
 0001:00014CD0       Classes.THandleStream.Read
 0001:00014CF0       Classes.THandleStream.Seek
 0001:00014D30       Classes.THandleStream.SetSize
 0001:00014D1C       Classes.THandleStream.SetSize
 0001:00014CE0       Classes.THandleStream.Write
 0004:000049DC       Classes.ThreadCount
 0004:000049C4       Classes.ThreadLock
 0001:000180E8       Classes.ThreadProc
 0001:0001246C       Classes.TList.Add
 0001:000124A0       Classes.TList.Clear
 0001:000124B8       Classes.TList.Delete
 0001:0001244C       Classes.TList.Destroy
 0001:00012518       Classes.TList.Error
 0001:00012550       Classes.TList.Error
 0001:000125A4       Classes.TList.Get
 0001:000125CC       Classes.TList.Grow
 0001:00012600       Classes.TList.IndexOf
 0001:00012620       Classes.TList.Insert
 0001:0001268C       Classes.TList.Last
 0001:00012698       Classes.TList.Move
 0001:00012810       Classes.TList.Notify
 0001:000126F0       Classes.TList.Put
 0001:00012740       Classes.TList.Remove
 0001:00012760       Classes.TList.SetCapacity
 0001:0001279C       Classes.TList.SetCount
 0001:00014FD4       Classes.TMemoryStream.Clear
 0001:00014FA8       Classes.TMemoryStream.Destroy
 0001:00015040       Classes.TMemoryStream.Realloc
 0001:00014FEC       Classes.TMemoryStream.SetCapacity
 0001:00015014       Classes.TMemoryStream.SetSize
 0001:000150C0       Classes.TMemoryStream.Write
 0001:0001338C       Classes.TOwnedCollection.Create
 0001:000133D0       Classes.TOwnedCollection.GetOwner
 0001:00012A08       Classes.TPersistent.Assign
 0001:00012A1C       Classes.TPersistent.AssignError
 0001:00012AEC       Classes.TPersistent.AssignTo
 0001:00012AF4       Classes.TPersistent.DefineProperties
 0001:000129DC       Classes.TPersistent.Destroy
 0001:00012AF8       Classes.TPersistent.GetNamePath
 0001:00012BA8       Classes.TPersistent.GetOwner
 0001:0001525C       Classes.TPropFixup.Create
 0001:000152B4       Classes.TPropFixup.MakeGlobalReference
 0001:000152FC       Classes.TPropFixup.ResolveReference
 0001:0001530C       Classes.TPropIntfFixup.ResolveReference
 0001:00015630       Classes.TReader.CheckValue
 0001:00015690       Classes.TReader.DefineBinaryProperty
 0001:00015654       Classes.TReader.DefineProperty
 0001:000155F4       Classes.TReader.Destroy
 0001:0001591C       Classes.TReader.DoFixupReferences
 0001:00015778       Classes.TReader.EndOfList
 0001:0001578C       Classes.TReader.Error
 0001:000176E0       Classes.TReader.FindAncestorComponent
 0001:000177D8       Classes.TReader.FindComponentClass
 0001:00015838       Classes.TReader.FindMethod
 0001:000157B0       Classes.TReader.FindMethodInstance
 0001:00015A60       Classes.TReader.FlushBuffer
 0001:00015A84       Classes.TReader.FreeFixups
 0001:00015AC0       Classes.TReader.GetFieldClass
 0001:00015B58       Classes.TReader.GetPosition
 0001:00015B70       Classes.TReader.NextValue
 0001:00015B80       Classes.TReader.PropertyError
 0001:00015B94       Classes.TReader.Read
 0001:00015BE0       Classes.TReader.ReadBuffer
 0001:00015C1C       Classes.TReader.ReadChar
 0001:00015CD8       Classes.TReader.ReadCollection
 0001:00016198       Classes.TReader.ReadComponent
 0001:000165D8       Classes.TReader.ReadCurrency
 0001:000163D8       Classes.TReader.ReadData
 0001:00016448       Classes.TReader.ReadDataInner
 0001:00016628       Classes.TReader.ReadDate
 0001:00016550       Classes.TReader.ReadDouble
 0001:00016518       Classes.TReader.ReadFloat
 0001:0001666C       Classes.TReader.ReadIdent
 0001:000167D4       Classes.TReader.ReadInt64
 0001:00016768       Classes.TReader.ReadInteger
 0001:00016818       Classes.TReader.ReadListBegin
 0001:00016820       Classes.TReader.ReadListEnd
 0001:00016828       Classes.TReader.ReadPrefix
 0001:00016984       Classes.TReader.ReadProperty
 0001:00016D80       Classes.TReader.ReadPropValue
 0001:00017098       Classes.TReader.ReadSet
 0001:00016594       Classes.TReader.ReadSingle
 0001:00017154       Classes.TReader.ReadStr
 0001:00017190       Classes.TReader.ReadString
 0001:00017330       Classes.TReader.ReadValue
 0001:00017A5C       Classes.TReader.ReadVariant
 0001:00015C7C       Classes.TReader.ReadWideChar
 0001:0001724C       Classes.TReader.ReadWideString
 0001:00017798       Classes.TReader.ReferenceName
 0001:000177B0       Classes.TReader.SetName
 0001:0001784C       Classes.TReader.SkipBytes
 0001:00017638       Classes.TReader.SkipComponent
 0001:000175F0       Classes.TReader.SkipProperty
 0001:00017344       Classes.TReader.SkipSetBody
 0001:00017440       Classes.TReader.SkipValue
 0001:00011EA0       Classes.TRegGroup.Create
 0001:00011EFC       Classes.TRegGroup.Destroy
 0001:00011F3C       Classes.TRegGroup.GetClass
 0001:00011FC4       Classes.TRegGroup.UnregisterModuleClasses
 0001:00012070       Classes.TRegGroups.Create
 0001:000120E4       Classes.TRegGroups.Destroy
 0001:00012144       Classes.TRegGroups.GetClass
 0001:00012188       Classes.TRegGroups.Lock
 0001:00012194       Classes.TRegGroups.Unlock
 0001:000121A0       Classes.TRegGroups.UnregisterModuleClasses
 0001:00014A30       Classes.TStream.GetPosition
 0001:00014A64       Classes.TStream.GetSize
 0001:00014B68       Classes.TStream.Seek
 0001:00014BEC       Classes.TStream.Seek
 0001:00014A50       Classes.TStream.SetPosition
 0001:00014AB0       Classes.TStream.SetSize
 0001:00014AC8       Classes.TStream.SetSize
 0001:00014AB4       Classes.TStream.SetSize64
 0001:00014C5C       Classes.TStream.WriteBuffer
 0001:000143D0       Classes.TStringList.Add
 0001:000143E0       Classes.TStringList.AddObject
 0001:00014444       Classes.TStringList.Changed
 0001:00014460       Classes.TStringList.Changing
 0001:0001447C       Classes.TStringList.Clear
 0001:000149AC       Classes.TStringList.CompareStrings
 0001:00014974       Classes.TStringList.CustomSort
 0001:000144BC       Classes.TStringList.Delete
 0001:00014374       Classes.TStringList.Destroy
 0001:00014528       Classes.TStringList.Exchange
 0001:00014584       Classes.TStringList.ExchangeItems
 0001:000145A8       Classes.TStringList.Find
 0001:0001462C       Classes.TStringList.Get
 0001:00014660       Classes.TStringList.GetCapacity
 0001:00014664       Classes.TStringList.GetCount
 0001:00014668       Classes.TStringList.GetObject
 0001:00014690       Classes.TStringList.Grow
 0001:000146C4       Classes.TStringList.IndexOf
 0001:00014700       Classes.TStringList.Insert
 0001:00014764       Classes.TStringList.InsertItem
 0001:00014710       Classes.TStringList.InsertObject
 0001:000147E0       Classes.TStringList.Put
 0001:0001483C       Classes.TStringList.PutObject
 0001:0001487C       Classes.TStringList.QuickSort
 0001:00014910       Classes.TStringList.SetCapacity
 0001:0001492C       Classes.TStringList.SetUpdateState
 0001:00014964       Classes.TStringList.Sort
 0001:00013404       Classes.TStrings.Add
 0001:00013428       Classes.TStrings.AddObject
 0001:0001344C       Classes.TStrings.AddStrings
 0001:00013504       Classes.TStrings.Assign
 0001:000135BC       Classes.TStrings.BeginUpdate
 0001:000142FC       Classes.TStrings.CompareStrings
 0001:0001362C       Classes.TStrings.DefineProperties
 0001:000133D4       Classes.TStrings.Destroy
 0001:00013678       Classes.TStrings.EndUpdate
 0001:0001368C       Classes.TStrings.Equals
 0001:00013738       Classes.TStrings.Error
 0001:00013770       Classes.TStrings.Error
 0001:000137C8       Classes.TStrings.Exchange
 0001:000138B4       Classes.TStrings.GetCapacity
 0001:0001429C       Classes.TStrings.GetLineBreak
 0001:00014340       Classes.TStrings.GetNameValueSeparator
 0001:000138BC       Classes.TStrings.GetObject
 0001:000138C0       Classes.TStrings.GetText
 0001:00013914       Classes.TStrings.GetTextStr
 0001:00013A4C       Classes.TStrings.GetValue
 0001:00013AD8       Classes.TStrings.IndexOf
 0001:00013B64       Classes.TStrings.IndexOfName
 0001:00013C38       Classes.TStrings.IndexOfObject
 0001:00013C6C       Classes.TStrings.InsertObject
 0001:00013C9C       Classes.TStrings.LoadFromFile
 0001:00013CF0       Classes.TStrings.LoadFromStream
 0001:00013D9C       Classes.TStrings.Move
 0001:00013E4C       Classes.TStrings.Put
 0001:00013E7C       Classes.TStrings.PutObject
 0001:00013E80       Classes.TStrings.ReadData
 0001:00013F30       Classes.TStrings.SaveToFile
 0001:00013F88       Classes.TStrings.SaveToStream
 0001:00013FE8       Classes.TStrings.SetCapacity
 0001:000142D0       Classes.TStrings.SetLineBreak
 0001:00014358       Classes.TStrings.SetNameValueSeparator
 0001:00013FEC       Classes.TStrings.SetStringsAdapter
 0001:00014020       Classes.TStrings.SetText
 0001:00014070       Classes.TStrings.SetTextStr
 0001:00014214       Classes.TStrings.SetUpdateState
 0001:00014218       Classes.TStrings.WriteData
 0001:000182D4       Classes.TThread.AfterConstruction
 0001:00018374       Classes.TThread.CallOnTerminate
 0001:000182E0       Classes.TThread.CheckThreadError
 0001:0001835C       Classes.TThread.CheckThreadError
 0001:00018190       Classes.TThread.Create
 0001:00018260       Classes.TThread.Destroy
 0001:00018388       Classes.TThread.DoTerminate
 0001:000183C8       Classes.TThread.RemoveQueuedEvents
 0001:000186BC       Classes.TThread.Resume
 0001:0001839C       Classes.TThread.SetPriority
 0001:0001864C       Classes.TThread.Suspend
 0001:00018624       Classes.TThread.Synchronize
 0001:00018488       Classes.TThread.Synchronize
 0001:000186E4       Classes.TThread.Terminate
 0001:000186EC       Classes.TThread.WaitFor
 0001:000128E4       Classes.TThreadList.Add
 0001:00012814       Classes.TThreadList.Create
 0001:00012868       Classes.TThreadList.Destroy
 0001:0001296C       Classes.TThreadList.LockList
 0001:00012980       Classes.TThreadList.Remove
 0001:000129D0       Classes.TThreadList.UnlockList
 0001:00017C7C       Classes.TWriter.Write
 0001:00017CC8       Classes.TWriter.WriteBuffer
 0001:00017CE0       Classes.TWriter.WriteInteger
 0001:00017D54       Classes.TWriter.WriteListBegin
 0001:00017D5C       Classes.TWriter.WriteListEnd
 0001:00017D64       Classes.TWriter.WriteMinStr
 0001:00017E10       Classes.TWriter.WriteString
 0001:00017E64       Classes.TWriter.WriteValue
 0001:00012344       Classes.UnRegisterModuleClasses
 0001:00017ED0       Classes.WaitForSyncEvent
 0003:00000AA4       Classes.WakeMainThread
 0002:00000554       CLILoggerServer.CLILoggerServer
 0004:00004C58       CLILoggerServer.FCLIServer
 0001:0003651C       CLILoggerServer.Finalization
 0001:00036280       CLIServer..TCLIServer
 0001:000362D8       CLIServer.TCLIServer.Create
 0001:00036400       CLIServer.TCLIServer.IdTCPServer1Execute
 0001:000291F8       IdAntiFreezeBase..TIdAntiFreezeBase
 0003:00000EA4       IdAntiFreezeBase.GAntiFreeze
 0001:00029364       IdAntiFreezeBase.TIdAntiFreezeBase.Destroy
 0001:00029398       IdAntiFreezeBase.TIdAntiFreezeBase.DoProcess
 0001:000293D0       IdAntiFreezeBase.TIdAntiFreezeBase.InitComponent
 0001:0002945C       IdAntiFreezeBase.TIdAntiFreezeBase.ShouldUse
 0001:0001DFC0       IdBaseComponent..TIdBaseComponent
 0001:0001DEEC       IdBaseComponent..TIdInitializerComponent
 0001:0001E118       IdBaseComponent.TIdBaseComponent.Create
 0001:0001E088       IdBaseComponent.TIdInitializerComponent.Create
 0001:0001E0C8       IdBaseComponent.TIdInitializerComponent.Create
 0001:0001E110       IdBaseComponent.TIdInitializerComponent.GetIsDesignTime
 0001:0001E108       IdBaseComponent.TIdInitializerComponent.GetIsLoading
 0001:0001E104       IdBaseComponent.TIdInitializerComponent.InitComponent
 0001:000282A4       IdBuffer..EIdNotEnoughDataInBuffer
 0001:00028310       IdBuffer..EIdTooMuchDataInBuffer
 0001:00028378       IdBuffer..TIdBuffer
 0001:000283F0       IdBuffer.TIdBuffer.CheckAdd
 0001:00028454       IdBuffer.TIdBuffer.CheckByteCount
 0001:00028508       IdBuffer.TIdBuffer.Clear
 0001:000288A0       IdBuffer.TIdBuffer.CompactHead
 0001:00028A6C       IdBuffer.TIdBuffer.Create
 0001:00028538       IdBuffer.TIdBuffer.Create
 0001:00028580       IdBuffer.TIdBuffer.Destroy
 0001:00028694       IdBuffer.TIdBuffer.ExtractToBytes
 0001:0002876C       IdBuffer.TIdBuffer.ExtractToStream
 0001:000285B8       IdBuffer.TIdBuffer.ExtractToString
 0001:00028B20       IdBuffer.TIdBuffer.ExtractToUInt32
 0001:00028ABC       IdBuffer.TIdBuffer.ExtractToUInt64
 0001:00028B6C       IdBuffer.TIdBuffer.ExtractToUInt8
 0001:00028A60       IdBuffer.TIdBuffer.GetCapacity
 0001:00028924       IdBuffer.TIdBuffer.IndexOf
 0001:00028860       IdBuffer.TIdBuffer.Remove
 0001:00028900       IdBuffer.TIdBuffer.Write
 0001:00028B94       IdBuffer.TIdBuffer.Write
 0004:00004C48       IdComponent..3
 0001:00026F6C       IdComponent..TIdComponent
 0001:000272C0       IdComponent.Finalization
 0002:000004F0       IdComponent.IdComponent
 0003:00000E80       IdComponent.IdStati
 0001:00027150       IdComponent.TIdComponent.BeginWork
 0001:00027058       IdComponent.TIdComponent.Destroy
 0001:00027088       IdComponent.TIdComponent.DoStatus
 0001:00027094       IdComponent.TIdComponent.DoStatus
 0001:000271BC       IdComponent.TIdComponent.DoWork
 0001:0002721C       IdComponent.TIdComponent.EndWork
 0001:0002725C       IdComponent.TIdComponent.InitComponent
 0001:0002726C       IdComponent.TIdComponent.Notification
 0001:0002728C       IdComponent.TIdComponent.SetWorkTarget
 0001:000330CC       IdContext..TIdContext
 0001:00033234       IdContext.TIdContext.AfterRun
 0001:000331F8       IdContext.TIdContext.BeforeRun
 0001:00033164       IdContext.TIdContext.Create
 0001:000331B4       IdContext.TIdContext.Destroy
 0001:00033270       IdContext.TIdContext.GetBinding
 0001:00033258       IdContext.TIdContext.HandleException
 0001:0003321C       IdContext.TIdContext.Run
 0001:0003414C       IdCustomTCPServer..EIdTCPServerError
 0001:00033D38       IdCustomTCPServer..TIdCustomTCPServer
 0001:00033AF8       IdCustomTCPServer..TIdListenerThread
 0001:00033CC0       IdCustomTCPServer..TIdServerContext
 0001:00034D90       IdCustomTCPServer.TIdCustomTCPServer.CheckOkToBeActive
 0001:00034294       IdCustomTCPServer.TIdCustomTCPServer.ContextConnected
 0001:000341B0       IdCustomTCPServer.TIdCustomTCPServer.ContextCreated
 0001:000342DC       IdCustomTCPServer.TIdCustomTCPServer.ContextDisconnected
 0001:00034320       IdCustomTCPServer.TIdCustomTCPServer.CreateConnection
 0001:000341CC       IdCustomTCPServer.TIdCustomTCPServer.Destroy
 0001:00034248       IdCustomTCPServer.TIdCustomTCPServer.DoAfterBind
 0001:0003422C       IdCustomTCPServer.TIdCustomTCPServer.DoBeforeBind
 0001:00034B3C       IdCustomTCPServer.TIdCustomTCPServer.DoBeforeListenerRun
 0001:00034330       IdCustomTCPServer.TIdCustomTCPServer.DoConnect
 0001:0003434C       IdCustomTCPServer.TIdCustomTCPServer.DoDisconnect
 0001:00034368       IdCustomTCPServer.TIdCustomTCPServer.DoException
 0001:00034384       IdCustomTCPServer.TIdCustomTCPServer.DoExecute
 0001:000343BC       IdCustomTCPServer.TIdCustomTCPServer.DoListenException
 0001:00034B58       IdCustomTCPServer.TIdCustomTCPServer.DoMaxConnectionsExceeded
 0001:00034B5C       IdCustomTCPServer.TIdCustomTCPServer.DoTerminateContext
 0001:000343D8       IdCustomTCPServer.TIdCustomTCPServer.GetDefaultPort
 0001:00034B70       IdCustomTCPServer.TIdCustomTCPServer.InitComponent
 0001:000343E4       IdCustomTCPServer.TIdCustomTCPServer.Loaded
 0001:0003440C       IdCustomTCPServer.TIdCustomTCPServer.Notification
 0001:00034268       IdCustomTCPServer.TIdCustomTCPServer.SendGreeting
 0001:0003445C       IdCustomTCPServer.TIdCustomTCPServer.SetActive
 0001:00034518       IdCustomTCPServer.TIdCustomTCPServer.SetBindings
 0001:00034528       IdCustomTCPServer.TIdCustomTCPServer.SetDefaultPort
 0001:00034534       IdCustomTCPServer.TIdCustomTCPServer.SetIntercept
 0001:00034638       IdCustomTCPServer.TIdCustomTCPServer.SetIOHandler
 0001:00034568       IdCustomTCPServer.TIdCustomTCPServer.SetScheduler
 0001:00034BDC       IdCustomTCPServer.TIdCustomTCPServer.Shutdown
 0001:000346A0       IdCustomTCPServer.TIdCustomTCPServer.StartListening
 0001:00034C44       IdCustomTCPServer.TIdCustomTCPServer.Startup
 0001:0003494C       IdCustomTCPServer.TIdCustomTCPServer.StopListening
 0001:000349D4       IdCustomTCPServer.TIdCustomTCPServer.TerminateAllThreads
 0001:00034D94       IdCustomTCPServer.TIdListenerThread.AfterRun
 0001:00034DA8       IdCustomTCPServer.TIdListenerThread.BeforeRun
 0001:00034DC4       IdCustomTCPServer.TIdListenerThread.Create
 0001:00034E14       IdCustomTCPServer.TIdListenerThread.Run
 0001:0002CB94       IdCustomTransparentProxy..EIdTransparentProxyCircularLink
 0001:0002CC04       IdCustomTransparentProxy..EIdTransparentProxyUDPNotSupported
 0001:0002CC78       IdCustomTransparentProxy..TIdCustomTransparentProxy
 0001:0002CDBC       IdCustomTransparentProxy.TIdCustomTransparentProxy.Assign
 0001:0002CF00       IdCustomTransparentProxy.TIdCustomTransparentProxy.Bind
 0001:0002D058       IdCustomTransparentProxy.TIdCustomTransparentProxy.CloseUDP
 0001:0002CE30       IdCustomTransparentProxy.TIdCustomTransparentProxy.Connect
 0001:0002CDA8       IdCustomTransparentProxy.TIdCustomTransparentProxy.InitComponent
 0001:0002CEA8       IdCustomTransparentProxy.TIdCustomTransparentProxy.Listen
 0001:0002CF5C       IdCustomTransparentProxy.TIdCustomTransparentProxy.Notification
 0001:0002D0AC       IdCustomTransparentProxy.TIdCustomTransparentProxy.OpenUDP
 0001:0002D104       IdCustomTransparentProxy.TIdCustomTransparentProxy.RecvFromUDP
 0001:0002D160       IdCustomTransparentProxy.TIdCustomTransparentProxy.SendToUDP
 0001:0002CF7C       IdCustomTransparentProxy.TIdCustomTransparentProxy.SetChainedProxy
 0001:0002CF58       IdCustomTransparentProxy.TIdCustomTransparentProxy.SetEnabled
 0001:000195DC       IdException..EIdCanNotBindPortInRange
 0001:000196AC       IdException..EIdCannotSetIPVersionWhenConnected
 0001:000193D8       IdException..EIdConnClosedGracefully
 0001:00019574       IdException..EIdCouldNotBindSocket
 0001:00019314       IdException..EIdException
 0001:00019648       IdException..EIdInvalidPortRange
 0001:00019510       IdException..EIdNotAllBytesSent
 0001:000194A8       IdException..EIdPackageSizeTooBig
 0001:00019374       IdException..EIdSilentException
 0001:00019440       IdException..EIdSocketHandleError
 0001:00019720       IdException.EIdException.Create
 0001:00027354       IdExceptionCore..EIdAlreadyConnected
 0001:000273B8       IdExceptionCore..EIdClosedSocket
 0001:00027874       IdExceptionCore..EIdConnectException
 0001:00027810       IdExceptionCore..EIdConnectTimeout
 0001:00027750       IdExceptionCore..EIdFileNotFound
 0001:000275BC       IdExceptionCore..EIdHostRequired
 0001:000280E0       IdExceptionCore..EIdMaxCaptureLineExceeded
 0001:000276F0       IdExceptionCore..EIdNoDataToRead
 0001:000277B0       IdExceptionCore..EIdNotConnected
 0001:00027684       IdExceptionCore..EIdObjectTypeNotSupported
 0001:0002755C       IdExceptionCore..EIdPortRequired
 0001:00027478       IdExceptionCore..EIdReadLnMaxLineLengthExceeded
 0001:000274E8       IdExceptionCore..EIdReadLnWaitMaxAttemptsExceeded
 0001:00027418       IdExceptionCore..EIdReadTimeout
 0001:00028008       IdExceptionCore..EIdSchedulerException
 0001:00028070       IdExceptionCore..EIdSchedulerMaxThreadsExceeded
 0001:00027C20       IdExceptionCore..EIdSocksAuthError
 0001:00027BB8       IdExceptionCore..EIdSocksAuthMethodError
 0001:00027944       IdExceptionCore..EIdSocksError
 0001:000279A4       IdExceptionCore..EIdSocksRequestFailed
 0001:00027A78       IdExceptionCore..EIdSocksRequestIdentFailed
 0001:00027A0C       IdExceptionCore..EIdSocksRequestServerFailed
 0001:00027F9C       IdExceptionCore..EIdSocksServerAddressError
 0001:00027F30       IdExceptionCore..EIdSocksServerCommandError
 0001:00027E48       IdExceptionCore..EIdSocksServerConnectionRefusedError
 0001:00027C84       IdExceptionCore..EIdSocksServerGeneralError
 0001:00027DD4       IdExceptionCore..EIdSocksServerHostUnreachableError
 0001:00027D60       IdExceptionCore..EIdSocksServerNetUnreachableError
 0001:00027CF0       IdExceptionCore..EIdSocksServerPermissionError
 0001:00027B4C       IdExceptionCore..EIdSocksServerRespondError
 0001:00027EC0       IdExceptionCore..EIdSocksServerTTLExpiredError
 0001:00027AE4       IdExceptionCore..EIdSocksUnknownError
 0001:0002761C       IdExceptionCore..EIdTCPConnectionError
 0001:000278D8       IdExceptionCore..EIdTransparentProxyCantBind
 0004:00004B74       IdGlobal..71
 0001:00019D04       IdGlobal..EIdInvalidIPv6Address
 0001:0001A4A8       IdGlobal..TId8BitEncoding
 0001:0001A428       IdGlobal..TIdASCIIEncoding
 0001:00019C9C       IdGlobal..TIdCriticalSection
 0001:0001A188       IdGlobal..TIdMBCSEncoding
 0001:00019C18       IdGlobal..TIdReadFileExclusiveStream
 0001:0001A10C       IdGlobal..TIdTextEncodingBase
 0001:0001A3A0       IdGlobal..TIdUTF16BigEndianEncoding
 0001:0001A314       IdGlobal..TIdUTF16LittleEndianEncoding
 0001:0001A20C       IdGlobal..TIdUTF7Encoding
 0001:0001A290       IdGlobal..TIdUTF8Encoding
 0001:0001D710       IdGlobal.BytesToIPv4Str
 0001:0001D82C       IdGlobal.BytesToIPv6
 0001:0001D9A0       IdGlobal.BytesToString
 0001:0001D92C       IdGlobal.BytesToString
 0001:0001D694       IdGlobal.BytesToUInt16
 0001:0001D8B4       IdGlobal.BytesToUInt32
 0001:0001D604       IdGlobal.BytesToUInt64
 0001:0001DD54       IdGlobal.CharIsInSet
 0001:0001DCD0       IdGlobal.CharPosInSet
 0001:00019E80       IdGlobal.CheckByteEncoding
 0001:0001BC9C       IdGlobal.CopyTIdBytes
 0001:0001BD50       IdGlobal.CopyTIdUInt16
 0001:0001BD58       IdGlobal.CopyTIdUInt32
 0001:00019E2C       IdGlobal.EnsureEncoding
 0001:0001BD60       IdGlobal.Fetch
 0001:0001BE14       IdGlobal.FetchCaseInsensitive
 0001:0001DE40       IdGlobal.Finalization
 0001:0001AF9C       IdGlobal.GetCPInfoEx
 0001:0001C00C       IdGlobal.GetElapsedTicks
 0001:0001CD3C       IdGlobal.GetEnglishSetting
 0001:0001BF18       IdGlobal.GetImpl
 0003:00000AFC       IdGlobal.GetTickCount64
 0001:0001BF9C       IdGlobal.GetTickDiff64
 0003:00000AE4       IdGlobal.GId8BitEncoding
 0003:00000AE8       IdGlobal.GIdASCIIEncoding
 0003:00000AD4       IdGlobal.GIdDefaultTextEncoding
 0003:00000AE0       IdGlobal.GIdOSDefaultEncoding
 0003:00000ADC       IdGlobal.GIdPorts
 0003:00000AEC       IdGlobal.GIdUTF16BigEndianEncoding
 0003:00000AF0       IdGlobal.GIdUTF16LittleEndianEncoding
 0003:00000AF4       IdGlobal.GIdUTF7Encoding
 0003:00000AF8       IdGlobal.GIdUTF8Encoding
 0001:0001BB98       IdGlobal.HostToLittleEndian
 0001:0001DE38       IdGlobal.IdDisposeAndNil
 0002:0000029C       IdGlobal.IdGlobal
 0001:0001C034       IdGlobal.iif
 0001:0001C028       IdGlobal.iif
 0001:0001C060       IdGlobal.iif
 0001:0001BEFC       IdGlobal.Impl_GetTickCount64
 0001:0001DD7C       IdGlobal.IndyAddPair
 0001:0001DE0C       IdGlobal.IndyCheckWindowsVersion
 0001:0001D184       IdGlobal.IndyFormat
 0001:0001CBD0       IdGlobal.IndyLength
 0001:0001CB40       IdGlobal.IndyLength
 0001:0001CA6C       IdGlobal.IndyMax
 0001:0001CA7C       IdGlobal.IndyMin
 0001:0001CA74       IdGlobal.IndyMin
 0003:00000AD8       IdGlobal.IndyPos
 0001:0001BB08       IdGlobal.IndyRaiseLastError
 0001:0001BB1C       IdGlobal.IndyRaiseOuterException
 0001:0001DD74       IdGlobal.IndyRegisterExpectedMemoryLeak
 0001:0001CACC       IdGlobal.IndySetThreadPriority
 0001:0001CAD4       IdGlobal.IndySleep
 0001:0001D258       IdGlobal.IndyStrToInt
 0001:0001D208       IdGlobal.IndyStrToInt
 0001:0001B62C       IdGlobal.IndyTextEncoding
 0001:0001B760       IdGlobal.IndyTextEncoding_8Bit
 0001:0001B7F8       IdGlobal.IndyTextEncoding_ASCII
 0001:0001B6A8       IdGlobal.IndyTextEncoding_Default
 0001:0001B6C8       IdGlobal.IndyTextEncoding_OSDefault
 0001:0001B890       IdGlobal.IndyTextEncoding_UTF16BE
 0001:0001B928       IdGlobal.IndyTextEncoding_UTF16LE
 0001:0001B9C0       IdGlobal.IndyTextEncoding_UTF7
 0001:0001BA58       IdGlobal.IndyTextEncoding_UTF8
 0001:0001DDF4       IdGlobal.IndyWindowsMajorVersion
 0001:0001DDFC       IdGlobal.IndyWindowsMinorVersion
 0001:0001DE04       IdGlobal.IndyWindowsPlatform
 0001:0001C09C       IdGlobal.InMainThread
 0001:0001BB50       IdGlobal.InterlockedCompareExchangeIntf
 0001:0001BB38       IdGlobal.InterlockedCompareExchangePtr
 0001:0001BB28       IdGlobal.InterlockedExchangeTLibHandle
 0001:0001CAC4       IdGlobal.InternalAnsiPos
 0001:0001C1B4       IdGlobal.IPv4MakeUInt32InRange
 0001:0001C1EC       IdGlobal.IPv4ToUInt32
 0001:0001C37C       IdGlobal.IPv6AddressToStr
 0001:0001C938       IdGlobal.IPv6ToIdIPv6Address
 0001:0001C9B4       IdGlobal.IPv6ToIdIPv6Address
 0001:0001C0B0       IdGlobal.IsCurrentThread
 0001:0001C124       IdGlobal.IsHexidecimal
 0001:0001C144       IdGlobal.IsHexidecimal
 0001:0001C198       IdGlobal.IsNumeric
 0001:0001C0D0       IdGlobal.IsOctal
 0001:0001C0C0       IdGlobal.IsOctal
 0001:0001BAF0       IdGlobal.LoadLibFunction
 0001:0001AED0       IdGlobal.LocaleCharsFromUnicode
 0001:0001C418       IdGlobal.MakeCanonicalIPv6Address
 0003:00000B1C       IdGlobal.monthnames
 0001:0001BBF0       IdGlobal.OctalToInt64
 0001:0001BBD4       IdGlobal.PosInSmallIntArray
 0001:0001BB10       IdGlobal.RaiseE
 0001:0001D5D0       IdGlobal.RawToBytes
 0001:0001CABC       IdGlobal.SBPos
 0001:0001CADC       IdGlobal.SetThreadName
 0001:0001BF5C       IdGlobal.Stub_GetTickCount64
 0001:0001DC6C       IdGlobal.TextEndsWith
 0001:0001DBD0       IdGlobal.TextIsSame
 0001:0001DC1C       IdGlobal.TextStartsWith
 0001:0001BF80       IdGlobal.Ticks64
 0001:0001B560       IdGlobal.TId8BitEncoding.Create
 0001:0001B5A0       IdGlobal.TId8BitEncoding.GetByteCount
 0001:0001B5A4       IdGlobal.TId8BitEncoding.GetBytes
 0001:0001B5E8       IdGlobal.TId8BitEncoding.GetCharCount
 0001:0001B5EC       IdGlobal.TId8BitEncoding.GetChars
 0001:0001B624       IdGlobal.TId8BitEncoding.GetMaxByteCount
 0001:0001B628       IdGlobal.TId8BitEncoding.GetMaxCharCount
 0001:0001B480       IdGlobal.TIdASCIIEncoding.Create
 0001:0001B4C0       IdGlobal.TIdASCIIEncoding.GetByteCount
 0001:0001B4C4       IdGlobal.TIdASCIIEncoding.GetBytes
 0001:0001B508       IdGlobal.TIdASCIIEncoding.GetCharCount
 0001:0001B50C       IdGlobal.TIdASCIIEncoding.GetChars
 0001:0001B558       IdGlobal.TIdASCIIEncoding.GetMaxByteCount
 0001:0001B55C       IdGlobal.TIdASCIIEncoding.GetMaxCharCount
 0001:0001AF58       IdGlobal.TIdMBCSEncoding.Create
 0001:0001AFA4       IdGlobal.TIdMBCSEncoding.Create
 0001:0001AF18       IdGlobal.TIdMBCSEncoding.Create
 0001:0001B0A8       IdGlobal.TIdMBCSEncoding.GetByteCount
 0001:0001B0C0       IdGlobal.TIdMBCSEncoding.GetBytes
 0001:0001B0E4       IdGlobal.TIdMBCSEncoding.GetCharCount
 0001:0001B0F8       IdGlobal.TIdMBCSEncoding.GetChars
 0001:0001B118       IdGlobal.TIdMBCSEncoding.GetMaxByteCount
 0001:0001B120       IdGlobal.TIdMBCSEncoding.GetMaxCharCount
 0001:0001B124       IdGlobal.TIdMBCSEncoding.GetPreamble
 0001:0001BB9C       IdGlobal.TIdReadFileExclusiveStream.Create
 0001:0001A73C       IdGlobal.TIdTextEncodingBase.GetByteCount
 0001:0001A79C       IdGlobal.TIdTextEncodingBase.GetByteCount
 0001:0001A7D0       IdGlobal.TIdTextEncodingBase.GetByteCount
 0001:0001A760       IdGlobal.TIdTextEncodingBase.GetByteCount
 0001:0001A8B0       IdGlobal.TIdTextEncodingBase.GetBytes
 0001:0001A8E8       IdGlobal.TIdTextEncodingBase.GetBytes
 0001:0001A94C       IdGlobal.TIdTextEncodingBase.GetBytes
 0001:0001A840       IdGlobal.TIdTextEncodingBase.GetBytes
 0001:0001AA1C       IdGlobal.TIdTextEncodingBase.GetBytes
 0001:0001A80C       IdGlobal.TIdTextEncodingBase.GetBytes
 0001:0001AA7C       IdGlobal.TIdTextEncodingBase.GetBytes
 0001:0001AAEC       IdGlobal.TIdTextEncodingBase.GetBytes
 0001:0001AB54       IdGlobal.TIdTextEncodingBase.GetCharCount
 0001:0001AB30       IdGlobal.TIdTextEncodingBase.GetCharCount
 0001:0001AB90       IdGlobal.TIdTextEncodingBase.GetChars
 0001:0001ABC4       IdGlobal.TIdTextEncodingBase.GetChars
 0001:0001AC34       IdGlobal.TIdTextEncodingBase.GetChars
 0001:0001AC78       IdGlobal.TIdTextEncodingBase.GetChars
 0001:0001ACD0       IdGlobal.TIdTextEncodingBase.GetChars
 0001:0001ADC4       IdGlobal.TIdTextEncodingBase.GetIsSingleByte
 0001:0001ADCC       IdGlobal.TIdTextEncodingBase.GetPreamble
 0001:0001AE18       IdGlobal.TIdTextEncodingBase.GetString
 0001:0001AE78       IdGlobal.TIdTextEncodingBase.GetString
 0001:0001ADE8       IdGlobal.TIdTextEncodingBase.GetString
 0001:0001B3DC       IdGlobal.TIdUTF16BigEndianEncoding.GetBytes
 0001:0001B41C       IdGlobal.TIdUTF16BigEndianEncoding.GetChars
 0001:0001B458       IdGlobal.TIdUTF16BigEndianEncoding.GetPreamble
 0001:0001B308       IdGlobal.TIdUTF16LittleEndianEncoding.Create
 0001:0001B348       IdGlobal.TIdUTF16LittleEndianEncoding.GetByteCount
 0001:0001B350       IdGlobal.TIdUTF16LittleEndianEncoding.GetBytes
 0001:0001B36C       IdGlobal.TIdUTF16LittleEndianEncoding.GetCharCount
 0001:0001B378       IdGlobal.TIdUTF16LittleEndianEncoding.GetChars
 0001:0001B39C       IdGlobal.TIdUTF16LittleEndianEncoding.GetMaxByteCount
 0001:0001B3A4       IdGlobal.TIdUTF16LittleEndianEncoding.GetMaxCharCount
 0001:0001B3B4       IdGlobal.TIdUTF16LittleEndianEncoding.GetPreamble
 0001:0001B248       IdGlobal.TIdUTF7Encoding.Create
 0001:0001B284       IdGlobal.TIdUTF7Encoding.GetMaxByteCount
 0001:0001B28C       IdGlobal.TIdUTF7Encoding.GetMaxCharCount
 0001:0001B290       IdGlobal.TIdUTF8Encoding.Create
 0001:0001B2CC       IdGlobal.TIdUTF8Encoding.GetMaxByteCount
 0001:0001B2D4       IdGlobal.TIdUTF8Encoding.GetMaxCharCount
 0001:0001B2D8       IdGlobal.TIdUTF8Encoding.GetPreamble
 0001:0001D324       IdGlobal.ToBytes
 0001:0001D2AC       IdGlobal.ToBytes
 0001:0001D4BC       IdGlobal.ToBytes
 0001:0001D580       IdGlobal.ToBytes
 0001:0001D55C       IdGlobal.ToBytes
 0001:0001D534       IdGlobal.ToBytes
 0001:0001D408       IdGlobal.ToBytes
 0001:0001D4EC       IdGlobal.ToBytes
 0001:0001D510       IdGlobal.ToBytes
 0001:0001AEF8       IdGlobal.UnicodeFromLocaleChars
 0001:0001A62C       IdGlobal.ValidateBytes
 0001:0001A5C0       IdGlobal.ValidateBytes
 0001:0001A524       IdGlobal.ValidateChars
 0001:0001A6A0       IdGlobal.ValidateStr
 0003:00000B00       IdGlobal.wdays
 0001:0001DB10       IdGlobal.WriteStringToStream
 0001:0001DAA0       IdGlobal.WriteStringToStream
 0004:00004C38       IdIDN..1
 0001:000221DC       IdIDN.CloseIDNLibrary
 0003:00000E14       IdIDN.DownlevelGetLocaleScripts
 0003:00000E18       IdIDN.DownlevelGetStringScripts
 0003:00000E1C       IdIDN.DownlevelVerifyScripts
 0001:0002222C       IdIDN.Finalization
 0003:00000E34       IdIDN.hIdnDL
 0003:00000E38       IdIDN.hNormaliz
 0002:0000043C       IdIDN.IdIDN
 0003:00000E30       IdIDN.IdnToAscii
 0003:00000E2C       IdIDN.IdnToNameprepUnicode
 0001:00021F1C       IdIDN.IDNToPunnyCode
 0003:00000E28       IdIDN.IdnToUnicode
 0001:00021FD4       IdIDN.InitIDNLibrary
 0003:00000E20       IdIDN.IsNormalizedString
 0003:00000E24       IdIDN.NormalizeString
 0001:00021EEC       IdIDN.UseIDNAPI
 0001:00028CF4       IdIntercept..EIdInterceptCircularLink
 0001:00028E00       IdIntercept..TIdConnectionIntercept
 0001:00028F90       IdIntercept..TIdServerIntercept
 0001:00029084       IdIntercept.TIdConnectionIntercept.Connect
 0001:0002905C       IdIntercept.TIdConnectionIntercept.Disconnect
 0001:000291E8       IdIntercept.TIdConnectionIntercept.InitComponent
 0001:000291D0       IdIntercept.TIdConnectionIntercept.Notification
 0001:000290B0       IdIntercept.TIdConnectionIntercept.Receive
 0001:000290D8       IdIntercept.TIdConnectionIntercept.Send
 0001:00029100       IdIntercept.TIdConnectionIntercept.SetIntercept
 0004:00004C4C       IdIOHandler..5
 0001:00029484       IdIOHandler..EIdIOHandler
 0001:000294E4       IdIOHandler..EIdIOHandlerRequiresLargeStream
 0001:00029554       IdIOHandler..EIdIOHandlerStreamDataTooLarge
 0001:000295C4       IdIOHandler..TIdIOHandler
 0001:0002B018       IdIOHandler.AdjustStreamSize
 0001:0002B060       IdIOHandler.CheckInputBufferForData
 0001:0002BEC8       IdIOHandler.Finalization
 0003:00000EA8       IdIOHandler.GIOHandlerClassDefault
 0003:00000EAC       IdIOHandler.GIOHandlerClassList
 0002:00000504       IdIOHandler.IdIOHandler
 0001:00029908       IdIOHandler.TIdIOHandler.AfterAccept
 0001:0002B430       IdIOHandler.TIdIOHandler.AllData
 0001:00029A18       IdIOHandler.TIdIOHandler.BufferRemoveNotify
 0001:0002AB78       IdIOHandler.TIdIOHandler.CheckForDataOnSource
 0001:00029870       IdIOHandler.TIdIOHandler.Close
 0001:0002BC90       IdIOHandler.TIdIOHandler.CloseGracefully
 0001:0002AFD8       IdIOHandler.TIdIOHandler.Connected
 0001:000298C4       IdIOHandler.TIdIOHandler.Destroy
 0001:0002A05C       IdIOHandler.TIdIOHandler.EnsureInputBytes
 0001:000299E8       IdIOHandler.TIdIOHandler.GetDestination
 0001:0002BC98       IdIOHandler.TIdIOHandler.InitComponent
 0001:0002B370       IdIOHandler.TIdIOHandler.InputBufferAsString
 0001:0002BAD4       IdIOHandler.TIdIOHandler.InputBufferIsEmpty
 0001:0002B7E8       IdIOHandler.TIdIOHandler.InputLn
 0001:0002999C       IdIOHandler.TIdIOHandler.MakeDefaultIOHandler
 0001:0002993C       IdIOHandler.TIdIOHandler.Notification
 0001:0002990C       IdIOHandler.TIdIOHandler.Open
 0001:0002B558       IdIOHandler.TIdIOHandler.PerformCapture
 0001:0002B31C       IdIOHandler.TIdIOHandler.RaiseConnClosedGracefully
 0001:0002AFB4       IdIOHandler.TIdIOHandler.Readable
 0001:0002A350       IdIOHandler.TIdIOHandler.ReadByte
 0001:0002ADD4       IdIOHandler.TIdIOHandler.ReadBytes
 0001:0002A134       IdIOHandler.TIdIOHandler.ReadChar
 0001:0002A884       IdIOHandler.TIdIOHandler.ReadFromSource
 0001:0002A370       IdIOHandler.TIdIOHandler.ReadInt32
 0001:0002A398       IdIOHandler.TIdIOHandler.ReadInt64
 0001:0002A46C       IdIOHandler.TIdIOHandler.ReadLn
 0001:0002A3E4       IdIOHandler.TIdIOHandler.ReadLn
 0001:0002A71C       IdIOHandler.TIdIOHandler.ReadLnWait
 0001:0002B0E0       IdIOHandler.TIdIOHandler.ReadStream
 0001:000299AC       IdIOHandler.TIdIOHandler.RegisterIOHandler
 0001:00029990       IdIOHandler.TIdIOHandler.SetDefaultClass
 0001:00029A00       IdIOHandler.TIdIOHandler.SetDestination
 0001:0002AFB8       IdIOHandler.TIdIOHandler.SetHost
 0001:0002995C       IdIOHandler.TIdIOHandler.SetIntercept
 0001:0002AFD0       IdIOHandler.TIdIOHandler.SetPort
 0001:00029D64       IdIOHandler.TIdIOHandler.Write
 0001:00029DD8       IdIOHandler.TIdIOHandler.Write
 0001:00029B40       IdIOHandler.TIdIOHandler.Write
 0001:00029E68       IdIOHandler.TIdIOHandler.Write
 0001:00029FE8       IdIOHandler.TIdIOHandler.Write
 0001:0002BAE4       IdIOHandler.TIdIOHandler.Write
 0001:0002ABC0       IdIOHandler.TIdIOHandler.Write
 0001:00029C88       IdIOHandler.TIdIOHandler.Write
 0001:00029C28       IdIOHandler.TIdIOHandler.Write
 0001:00029B24       IdIOHandler.TIdIOHandler.WriteBufferCancel
 0001:00029B10       IdIOHandler.TIdIOHandler.WriteBufferClear
 0001:00029A60       IdIOHandler.TIdIOHandler.WriteBufferClose
 0001:00029AA4       IdIOHandler.TIdIOHandler.WriteBufferFlush
 0001:0002BD64       IdIOHandler.TIdIOHandler.WriteBufferFlush
 0001:0002BC84       IdIOHandler.TIdIOHandler.WriteBufferingActive
 0001:00029A2C       IdIOHandler.TIdIOHandler.WriteBufferOpen
 0001:0002BD70       IdIOHandler.TIdIOHandler.WriteBufferOpen
 0001:0002BD7C       IdIOHandler.TIdIOHandler.WriteDirect
 0001:0002BB70       IdIOHandler.TIdIOHandler.WriteFile
 0001:0002AE5C       IdIOHandler.TIdIOHandler.WriteLn
 0001:0002AE08       IdIOHandler.TIdIOHandler.WriteLn
 0001:0002AEF4       IdIOHandler.TIdIOHandler.WriteLnRFC
 0001:000321F8       IdIOHandlerSocket..TIdIOHandlerSocket
 0001:00032494       IdIOHandlerSocket.TIdIOHandlerSocket.AfterAccept
 0001:000327EC       IdIOHandlerSocket.TIdIOHandlerSocket.BindingAllocated
 0001:00032ABC       IdIOHandlerSocket.TIdIOHandlerSocket.CheckForError
 0001:000324B0       IdIOHandlerSocket.TIdIOHandlerSocket.Close
 0001:000324CC       IdIOHandlerSocket.TIdIOHandlerSocket.ConnectClient
 0001:0003256C       IdIOHandlerSocket.TIdIOHandlerSocket.Connected
 0001:00032598       IdIOHandlerSocket.TIdIOHandlerSocket.Destroy
 0001:000325F4       IdIOHandlerSocket.TIdIOHandlerSocket.DoAfterBind
 0001:000325D4       IdIOHandlerSocket.TIdIOHandlerSocket.DoBeforeBind
 0001:00032614       IdIOHandlerSocket.TIdIOHandlerSocket.DoSocketAllocated
 0001:00032634       IdIOHandlerSocket.TIdIOHandlerSocket.GetDestination
 0001:000328BC       IdIOHandlerSocket.TIdIOHandlerSocket.GetReuseSocket
 0001:00032A18       IdIOHandlerSocket.TIdIOHandlerSocket.GetTransparentProxy
 0001:00032A44       IdIOHandlerSocket.TIdIOHandlerSocket.GetUseNagle
 0001:00032A98       IdIOHandlerSocket.TIdIOHandlerSocket.InitComponent
 0001:00032A74       IdIOHandlerSocket.TIdIOHandlerSocket.Notification
 0001:000326C4       IdIOHandlerSocket.TIdIOHandlerSocket.Open
 0001:00032AF8       IdIOHandlerSocket.TIdIOHandlerSocket.RaiseError
 0001:00032730       IdIOHandlerSocket.TIdIOHandlerSocket.SetDestination
 0001:000328D4       IdIOHandlerSocket.TIdIOHandlerSocket.SetReuseSocket
 0001:000328E8       IdIOHandlerSocket.TIdIOHandlerSocket.SetTransparentProxy
 0001:00032A5C       IdIOHandlerSocket.TIdIOHandlerSocket.SetUseNagle
 0001:00032AB4       IdIOHandlerSocket.TIdIOHandlerSocket.SourceIsAvailable
 0001:00032804       IdIOHandlerSocket.TIdIOHandlerSocket.WriteFile
 0004:00004C50       IdIOHandlerStack..2
 0001:0002E8EC       IdIOHandlerStack..TIdConnectThread
 0001:0002E744       IdIOHandlerStack..TIdIOHandlerStack
 0001:0002E9CC       IdIOHandlerStack.DoConnectTimeout
 0001:0002EFF0       IdIOHandlerStack.Finalization
 0002:0000050C       IdIOHandlerStack.IdIOHandlerStack
 0001:0002EFC4       IdIOHandlerStack.TIdConnectThread.CheckForConnectError
 0001:0002EEF4       IdIOHandlerStack.TIdConnectThread.Create
 0001:0002EF30       IdIOHandlerStack.TIdConnectThread.Destroy
 0001:0002EFB0       IdIOHandlerStack.TIdConnectThread.DoTerminate
 0001:0002EF60       IdIOHandlerStack.TIdConnectThread.Execute
 0001:0002EE98       IdIOHandlerStack.TIdIOHandlerStack.CheckForDisconnect
 0001:0002EB2C       IdIOHandlerStack.TIdIOHandlerStack.ConnectClient
 0001:0002E954       IdIOHandlerStack.TIdIOHandlerStack.Connected
 0001:0002ED7C       IdIOHandlerStack.TIdIOHandlerStack.Readable
 0001:0002EE18       IdIOHandlerStack.TIdIOHandlerStack.ReadDataFromSource
 0001:0002ED88       IdIOHandlerStack.TIdIOHandlerStack.WriteDataToTarget
 0001:0002D1B8       IdIPAddress..TIdIPAddress
 0001:0002D218       IdIPAddress.TIdIPAddress.Create
 0001:0002D258       IdIPAddress.TIdIPAddress.HToNBytes
 0001:0002D2BC       IdIPAddress.TIdIPAddress.MakeAddressObject
 0001:0002D47C       IdReply..EIdReplyError
 0001:0002D368       IdReply..TIdReply
 0001:0002D4DC       IdReply.TIdReply.AssignTo
 0001:0002D86C       IdReply.TIdReply.CheckIfCodeIsValid
 0001:0002D518       IdReply.TIdReply.Clear
 0001:0002D5EC       IdReply.TIdReply.CommonInit
 0001:0002D578       IdReply.TIdReply.Create
 0001:0002D530       IdReply.TIdReply.CreateWithReplyTexts
 0001:0002D5B4       IdReply.TIdReply.Destroy
 0001:0002D610       IdReply.TIdReply.GetDisplayName
 0001:0002D874       IdReply.TIdReply.GetFormattedReply
 0001:0002D87C       IdReply.TIdReply.GetFormattedReplyStrings
 0001:0002D758       IdReply.TIdReply.GetNumericCode
 0001:0002D870       IdReply.TIdReply.IsEndMarker
 0001:0002D694       IdReply.TIdReply.ReplyExists
 0001:0002D764       IdReply.TIdReply.SetCode
 0001:0002D6A0       IdReply.TIdReply.SetNumericCode
 0001:0002D850       IdReply.TIdReply.SetReply
 0001:0002D700       IdReply.TIdReply.SetReply
 0001:0002D6F0       IdReply.TIdReply.SetText
 0001:0002D958       IdReplyRFC..EIdReplyRFCError
 0001:0002D88C       IdReplyRFC..TIdReplyRFC
 0001:0002DD54       IdReplyRFC.EIdReplyRFCError.CreateError
 0001:0002D9C0       IdReplyRFC.TIdReplyRFC.AssignTo
 0001:0002DA04       IdReplyRFC.TIdReplyRFC.CheckIfCodeIsValid
 0001:0002DA70       IdReplyRFC.TIdReplyRFC.GetFormattedReply
 0001:0002DBC4       IdReplyRFC.TIdReplyRFC.IsEndMarker
 0001:0002DBE0       IdReplyRFC.TIdReplyRFC.RaiseReplyError
 0001:0002DC40       IdReplyRFC.TIdReplyRFC.ReplyExists
 0001:0002DC64       IdReplyRFC.TIdReplyRFC.SetFormattedReply
 0001:0003328C       IdScheduler..TIdScheduler
 0001:00033360       IdScheduler.TIdScheduler.Destroy
 0001:00033390       IdScheduler.TIdScheduler.Init
 0001:00033394       IdScheduler.TIdScheduler.InitComponent
 0001:000333B0       IdScheduler.TIdScheduler.ReleaseYarn
 0001:000333BC       IdScheduler.TIdScheduler.TerminateAllYarns
 0001:00035310       IdSchedulerOfThread..TIdSchedulerOfThread
 0001:000352B4       IdSchedulerOfThread..TIdYarnOfThread
 0001:0003544C       IdSchedulerOfThread.TIdSchedulerOfThread.Destroy
 0001:000356D4       IdSchedulerOfThread.TIdSchedulerOfThread.InitComponent
 0001:00035490       IdSchedulerOfThread.TIdSchedulerOfThread.NewThread
 0001:000355D0       IdSchedulerOfThread.TIdSchedulerOfThread.NewYarn
 0001:00035478       IdSchedulerOfThread.TIdSchedulerOfThread.StartYarn
 0001:00035640       IdSchedulerOfThread.TIdSchedulerOfThread.TerminateYarn
 0001:000356F4       IdSchedulerOfThread.TIdYarnOfThread.Create
 0001:00035744       IdSchedulerOfThread.TIdYarnOfThread.Destroy
 0001:0003397C       IdSchedulerOfThreadDefault..TIdSchedulerOfThreadDefault
 0001:00033A7C       IdSchedulerOfThreadDefault.TIdSchedulerOfThreadDefault.AcquireYarn
 0001:00033AF0       IdSchedulerOfThreadDefault.TIdSchedulerOfThreadDefault.NewThread
 0001:00033AA4       IdSchedulerOfThreadDefault.TIdSchedulerOfThreadDefault.ReleaseYarn
 0001:000334A8       IdServerIOHandler..TIdServerIOHandler
 0001:00033598       IdServerIOHandler.TIdServerIOHandler.Accept
 0001:00033594       IdServerIOHandler.TIdServerIOHandler.Init
 0001:000335A4       IdServerIOHandler.TIdServerIOHandler.MakeClientIOHandler
 0001:000335A8       IdServerIOHandler.TIdServerIOHandler.Notification
 0001:000335C8       IdServerIOHandler.TIdServerIOHandler.SetScheduler
 0001:000335FC       IdServerIOHandler.TIdServerIOHandler.Shutdown
 0001:00033600       IdServerIOHandlerSocket..TIdServerIOHandlerSocket
 0001:00033704       IdServerIOHandlerSocket.TIdServerIOHandlerSocket.Accept
 0001:00033700       IdServerIOHandlerSocket.TIdServerIOHandlerSocket.Init
 0001:00033844       IdServerIOHandlerSocket.TIdServerIOHandlerSocket.InitComponent
 0001:0003385C       IdServerIOHandlerStack..TIdServerIOHandlerStack
 0001:00033954       IdServerIOHandlerStack.TIdServerIOHandlerStack.InitComponent
 0001:0003396C       IdServerIOHandlerStack.TIdServerIOHandlerStack.MakeClientIOHandler
 0001:0002BFC0       IdSocketHandle..TIdSocketHandle
 0001:0002BF04       IdSocketHandle..TIdSocketHandles
 0001:0002C770       IdSocketHandle.CheckIsReadable
 0001:0002C668       IdSocketHandle.TIdSocketHandle.Accept
 0001:0002C1F4       IdSocketHandle.TIdSocketHandle.AllocateSocket
 0001:0002C868       IdSocketHandle.TIdSocketHandle.Assign
 0001:0002C410       IdSocketHandle.TIdSocketHandle.Bind
 0001:0002C994       IdSocketHandle.TIdSocketHandle.BindPortReserved
 0001:0002C5B4       IdSocketHandle.TIdSocketHandle.BroadcastEnabledChanged
 0001:0002C250       IdSocketHandle.TIdSocketHandle.CloseSocket
 0001:0002C2B8       IdSocketHandle.TIdSocketHandle.Connect
 0001:0002C6EC       IdSocketHandle.TIdSocketHandle.Create
 0001:0002C340       IdSocketHandle.TIdSocketHandle.Destroy
 0001:0002C23C       IdSocketHandle.TIdSocketHandle.Disconnect
 0001:0002C9C8       IdSocketHandle.TIdSocketHandle.GetSockOpt
 0001:0002C650       IdSocketHandle.TIdSocketHandle.Listen
 0001:0002C7E4       IdSocketHandle.TIdSocketHandle.Readable
 0001:0002C37C       IdSocketHandle.TIdSocketHandle.Receive
 0001:0002C3E4       IdSocketHandle.TIdSocketHandle.RecvFrom
 0001:0002C8FC       IdSocketHandle.TIdSocketHandle.Reset
 0001:0002C9F0       IdSocketHandle.TIdSocketHandle.Select
 0001:0002C394       IdSocketHandle.TIdSocketHandle.Send
 0001:0002C5E8       IdSocketHandle.TIdSocketHandle.SetBinding
 0001:0002C610       IdSocketHandle.TIdSocketHandle.SetBroadcastEnabled
 0001:0002C624       IdSocketHandle.TIdSocketHandle.SetBroadcastFlag
 0001:0002CA10       IdSocketHandle.TIdSocketHandle.SetHandle
 0001:0002CA88       IdSocketHandle.TIdSocketHandle.SetIPVersion
 0001:0002CAEC       IdSocketHandle.TIdSocketHandle.SetNagleOpt
 0001:0002C5C0       IdSocketHandle.TIdSocketHandle.SetPeer
 0001:0002C3BC       IdSocketHandle.TIdSocketHandle.SetSockOpt
 0001:0002CB10       IdSocketHandle.TIdSocketHandle.SetUseNagle
 0001:0002C934       IdSocketHandle.TIdSocketHandle.TryBind
 0001:0002C8BC       IdSocketHandle.TIdSocketHandle.UpdateBindingLocal
 0001:0002C8DC       IdSocketHandle.TIdSocketHandle.UpdateBindingPeer
 0001:0002CB24       IdSocketHandle.TIdSocketHandles.Add
 0001:0002CB44       IdSocketHandle.TIdSocketHandles.Create
 0001:0002CB80       IdSocketHandle.TIdSocketHandles.GetItem
 0001:0002FBC0       IdSocks..EIdSocksUDPNotSupportedBySOCKSVersion
 0001:0002FCE0       IdSocks..TIdSocksInfo
 0001:0002FEE0       IdSocks.TIdSocksInfo.Assign
 0001:00030A20       IdSocks.TIdSocksInfo.AuthenticateSocks5Connection
 0001:000311D0       IdSocks.TIdSocksInfo.Bind
 0001:0003172C       IdSocks.TIdSocksInfo.CloseSocks5UDPAssociation
 0001:00031BA8       IdSocks.TIdSocksInfo.CloseUDP
 0001:000321C8       IdSocks.TIdSocksInfo.Destroy
 0001:00031C84       IdSocks.TIdSocksInfo.DisasmUDPReplyPacket
 0001:000309D8       IdSocks.TIdSocksInfo.GetEnabled
 0001:000309E8       IdSocks.TIdSocksInfo.InitComponent
 0001:00031208       IdSocks.TIdSocksInfo.Listen
 0001:000309A4       IdSocks.TIdSocksInfo.MakeConnection
 0001:00030714       IdSocks.TIdSocksInfo.MakeSocks4Bind
 0001:0003012C       IdSocks.TIdSocksInfo.MakeSocks4Connection
 0001:0003159C       IdSocks.TIdSocksInfo.MakeSocks4Listen
 0001:0002FF20       IdSocks.TIdSocksInfo.MakeSocks4Request
 0001:00030CEC       IdSocks.TIdSocksInfo.MakeSocks5Bind
 0001:000303C4       IdSocks.TIdSocksInfo.MakeSocks5Connection
 0001:00031238       IdSocks.TIdSocksInfo.MakeSocks5Listen
 0001:0003024C       IdSocks.TIdSocksInfo.MakeSocks5Request
 0001:00031740       IdSocks.TIdSocksInfo.MakeSocks5UDPAssociation
 0001:00031E00       IdSocks.TIdSocksInfo.MakeUDPRequestPacket
 0001:00031C14       IdSocks.TIdSocksInfo.OpenUDP
 0001:00031FCC       IdSocks.TIdSocksInfo.RecvFromUDP
 0001:00032124       IdSocks.TIdSocksInfo.SendToUDP
 0004:00004C44       IdStack..31
 0001:00025808       IdStack..EIdIPVersionUnsupported
 0001:00025870       IdStack..EIdNotASocket
 0001:00025744       IdStack..EIdSocketError
 0001:000257A8       IdStack..EIdStackError
 0001:000258D4       IdStack..TIdSocketList
 0001:00025BC0       IdStack..TIdStack
 0001:0002595C       IdStack..TIdStackLocalAddress
 0001:00025A38       IdStack..TIdStackLocalAddressIPv4
 0001:00025B04       IdStack..TIdStackLocalAddressIPv6
 0001:00025E10       IdStack.EIdSocketError.CreateError
 0001:00026D10       IdStack.Finalization
 0003:00000E78       IdStack.GInstanceCount
 0003:00000E70       IdStack.GServeFileProc
 0004:00004C40       IdStack.GSocketListClass
 0003:00000E6C       IdStack.GStack
 0003:00000E74       IdStack.GStackClass
 0003:00000E7C       IdStack.GStackCriticalSection
 0002:000004C0       IdStack.IdStack
 0001:00025CC0       IdStack.TIdPacketInfo.Reset
 0001:00025D18       IdStack.TIdSocketList.Create
 0001:00025D6C       IdStack.TIdSocketList.CreateSocketList
 0001:00025D8C       IdStack.TIdSocketList.Destroy
 0001:00025DC8       IdStack.TIdSocketList.Lock
 0001:00025DDC       IdStack.TIdSocketList.Select
 0001:00025DF8       IdStack.TIdSocketList.Unlock
 0001:0002605C       IdStack.TIdStack.Accept
 0001:00026C48       IdStack.TIdStack.CalcCheckSum
 0001:00026538       IdStack.TIdStack.CheckForSocketError
 0001:00026510       IdStack.TIdStack.CheckForSocketError
 0001:00025F7C       IdStack.TIdStack.Create
 0001:00026300       IdStack.TIdStack.DecUsage
 0001:00025FC0       IdStack.TIdStack.Destroy
 0001:00026A9C       IdStack.TIdStack.HostToNetwork
 0001:000263C4       IdStack.TIdStack.IncUsage
 0001:00025FFC       IdStack.TIdStack.IPVersionUnsupported
 0001:00026090       IdStack.TIdStack.IsIP
 0001:00026B1C       IdStack.TIdStack.IsValidIPv4MulticastGroup
 0001:00026BD0       IdStack.TIdStack.IsValidIPv6MulticastGroup
 0001:00026ADC       IdStack.TIdStack.NetworkToHost
 0001:000265A4       IdStack.TIdStack.RaiseLastSocketError
 0001:000265C0       IdStack.TIdStack.RaiseSocketError
 0001:00026204       IdStack.TIdStack.ResolveHost
 0001:00026CD4       IdStack.TIdStack.SetKeepAliveValues
 0001:00026660       IdStack.TIdStack.WSTranslateSocketErrorMsg
 0001:00025E64       IdStack.TIdStackLocalAddress.Create
 0001:00025ECC       IdStack.TIdStackLocalAddressIPv4.Create
 0001:00025F2C       IdStack.TIdStackLocalAddressIPv6.Create
 0001:00024F1C       IdStackBSDBase..EIdInvalidServiceName
 0001:00024F84       IdStackBSDBase..EIdStackInitializationFailed
 0001:00024FF4       IdStackBSDBase..EIdStackSetSizeExceeded
 0001:00024DDC       IdStackBSDBase..TIdStackBSDBase
 0003:00000E60       IdStackBSDBase.GBSDStack
 0003:00000E64       IdStackBSDBase.IdIPFamily
 0001:00025548       IdStackBSDBase.TIdStackBSDBase.AddMulticastMembership
 0001:0002531C       IdStackBSDBase.TIdStackBSDBase.Create
 0001:00025508       IdStackBSDBase.TIdStackBSDBase.DropMulticastMembership
 0001:00025498       IdStackBSDBase.TIdStackBSDBase.GetSocketOption
 0001:00025638       IdStackBSDBase.TIdStackBSDBase.MembershipSockOpt
 0001:000252DC       IdStackBSDBase.TIdStackBSDBase.NewSocketHandle
 0001:00025358       IdStackBSDBase.TIdStackBSDBase.Receive
 0001:000253DC       IdStackBSDBase.TIdStackBSDBase.ReceiveFrom
 0001:00025388       IdStackBSDBase.TIdStackBSDBase.Send
 0001:00025420       IdStackBSDBase.TIdStackBSDBase.SendTo
 0001:000255E0       IdStackBSDBase.TIdStackBSDBase.SetLoopBack
 0001:00025588       IdStackBSDBase.TIdStackBSDBase.SetMulticastTTL
 0001:000254E8       IdStackBSDBase.TIdStackBSDBase.SetSocketOption
 0001:000254CC       IdStackBSDBase.TIdStackBSDBase.SetSocketOption
 0001:000251A8       IdStackBSDBase.TIdStackBSDBase.TranslateStringToTInAddr
 0001:0002505C       IdStackBSDBase.TIdStackBSDBase.TranslateTInAddrToString
 0001:000256E0       IdStackBSDBase.TIdStackBSDBase.WSGetServByPort
 0003:00000E10       IdStackConsts.Id_SO_False
 0003:00000E0C       IdStackConsts.Id_SO_True
 0004:00004C3C       IdStackWindows..4
 0001:00022264       IdStackWindows..TIdSocketListWindows
 0001:000222F4       IdStackWindows..TIdStackWindows
 0003:00000E5C       IdStackWindows.ConvertLengthToIpv4Mask
 0001:00024D94       IdStackWindows.Finalization
 0001:00022434       IdStackWindows.FixupIPHelperStub
 0003:00000E58       IdStackWindows.GetAdaptersAddresses
 0003:00000E54       IdStackWindows.GetAdaptersInfo
 0003:00000E44       IdStackWindows.GetFileSizeEx
 0003:00000E4C       IdStackWindows.GetIpAddrTable
 0001:000231DC       IdStackWindows.GetIPv4SubNetMasks
 0001:0002330C       IdStackWindows.GetLocalAddressesByAdaptersAddresses
 0001:00023718       IdStackWindows.GetLocalAddressesByAdaptersInfo
 0001:00023600       IdStackWindows.GetUniDirAddresseses
 0003:00000E50       IdStackWindows.GetUniDirectionalAdapterInfo
 0003:00000E40       IdStackWindows.GStarted
 0003:00000E3C       IdStackWindows.GWindowsStack
 0003:00000E48       IdStackWindows.hIpHlpApi
 0002:00000444       IdStackWindows.IdStackWindows
 0001:000225E4       IdStackWindows.Impl_ConvertLengthToIpv4Mask
 0001:00022578       IdStackWindows.Impl_GetAdaptersAddresses
 0001:00022520       IdStackWindows.Impl_GetAdaptersInfo
 0001:0002245C       IdStackWindows.Impl_GetIpAddrTable
 0001:000224B8       IdStackWindows.Impl_GetUniDirectionalAdapterInfo
 0001:00022688       IdStackWindows.InitializeIPHelperAPI
 0001:00022654       IdStackWindows.InitializeIPHelperStubs
 0001:000231A4       IdStackWindows.IPv4MaskLengthToString
 0001:00023F5C       IdStackWindows.ReadSet
 0001:00024C20       IdStackWindows.ServeFile
 0001:00022608       IdStackWindows.Stub_ConvertLengthToIpv4Mask
 0001:0002258C       IdStackWindows.Stub_GetAdaptersAddresses
 0001:00022534       IdStackWindows.Stub_GetAdaptersInfo
 0001:00022470       IdStackWindows.Stub_GetIpAddrTable
 0001:000224CC       IdStackWindows.Stub_GetUniDirectionalAdapterInfo
 0001:00023ADC       IdStackWindows.TIdSocketListWindows.Add
 0001:00023B90       IdStackWindows.TIdSocketListWindows.Clear
 0001:000240F4       IdStackWindows.TIdSocketListWindows.Clone
 0001:00023BD8       IdStackWindows.TIdSocketListWindows.ContainsSocket
 0001:00023C30       IdStackWindows.TIdSocketListWindows.Count
 0001:00023E9C       IdStackWindows.TIdSocketListWindows.FDSelect
 0001:00024070       IdStackWindows.TIdSocketListWindows.GetFDSet
 0001:00023C7C       IdStackWindows.TIdSocketListWindows.GetItem
 0001:00023D38       IdStackWindows.TIdSocketListWindows.Remove
 0001:00023F7C       IdStackWindows.TIdSocketListWindows.Select
 0001:00023E6C       IdStackWindows.TIdSocketListWindows.SelectRead
 0001:00023F08       IdStackWindows.TIdSocketListWindows.SelectReadList
 0001:0002401C       IdStackWindows.TIdSocketListWindows.SetFDSet
 0001:000227C4       IdStackWindows.TIdStackWindows.Accept
 0001:00022FF8       IdStackWindows.TIdStackWindows.AddServByPortToList
 0001:00022904       IdStackWindows.TIdStackWindows.Bind
 0001:00024BE0       IdStackWindows.TIdStackWindows.CheckIPVersionSupport
 0001:000242E0       IdStackWindows.TIdStackWindows.Connect
 0001:000226E4       IdStackWindows.TIdStackWindows.Create
 0001:0002279C       IdStackWindows.TIdStackWindows.Destroy
 0001:000244D0       IdStackWindows.TIdStackWindows.Disconnect
 0001:0002397C       IdStackWindows.TIdStackWindows.GetLocalAddressList
 0001:000243A0       IdStackWindows.TIdStackWindows.GetPeerName
 0001:000239AC       IdStackWindows.TIdStackWindows.GetSocketName
 0001:000229D8       IdStackWindows.TIdStackWindows.HostByAddress
 0001:00024198       IdStackWindows.TIdStackWindows.HostByName
 0001:00023104       IdStackWindows.TIdStackWindows.HostToNetwork
 0001:000230D4       IdStackWindows.TIdStackWindows.HostToNetwork
 0001:000230EC       IdStackWindows.TIdStackWindows.HostToNetwork
 0001:000246C0       IdStackWindows.TIdStackWindows.IOControl
 0001:00022B38       IdStackWindows.TIdStackWindows.Listen
 0001:00023154       IdStackWindows.TIdStackWindows.NetworkToHost
 0001:000230E0       IdStackWindows.TIdStackWindows.NetworkToHost
 0001:000230F8       IdStackWindows.TIdStackWindows.NetworkToHost
 0001:00022AF0       IdStackWindows.TIdStackWindows.ReadHostName
 0001:00024900       IdStackWindows.TIdStackWindows.ReceiveMsg
 0001:00022B78       IdStackWindows.TIdStackWindows.RecvFrom
 0001:000240C4       IdStackWindows.TIdStackWindows.SetBlocking
 0001:00024D10       IdStackWindows.TIdStackWindows.SetKeepAliveValues
 0001:00024560       IdStackWindows.TIdStackWindows.SupportsIPv4
 0001:00024610       IdStackWindows.TIdStackWindows.SupportsIPv6
 0001:0002418C       IdStackWindows.TIdStackWindows.WouldBlock
 0001:00024774       IdStackWindows.TIdStackWindows.WriteChecksum
 0001:000247CC       IdStackWindows.TIdStackWindows.WriteChecksumIPv6
 0001:000229CC       IdStackWindows.TIdStackWindows.WSCloseSocket
 0001:00022E80       IdStackWindows.TIdStackWindows.WSGetLastError
 0001:00022ED4       IdStackWindows.TIdStackWindows.WSGetServByName
 0001:000244F8       IdStackWindows.TIdStackWindows.WSGetSocketOption
 0001:000246D8       IdStackWindows.TIdStackWindows.WSQuerryIPv6Route
 0001:00022B5C       IdStackWindows.TIdStackWindows.WSRecv
 0001:00022CB8       IdStackWindows.TIdStackWindows.WSSend
 0001:00022CE8       IdStackWindows.TIdStackWindows.WSSendTo
 0001:00022E98       IdStackWindows.TIdStackWindows.WSSetLastError
 0001:0002452C       IdStackWindows.TIdStackWindows.WSSetSocketOption
 0001:000239A0       IdStackWindows.TIdStackWindows.WSShutdown
 0001:00022EA4       IdStackWindows.TIdStackWindows.WSSocket
 0001:00023DC8       IdStackWindows.TIdStackWindows.WSTranslateSocketErrorMsg
 0001:000226C0       IdStackWindows.UninitializeIPHelperAPI
 0001:00019978       IdStreamVCL..TIdStreamHelperVCL
 0001:000199D8       IdStreamVCL.TIdStreamHelperVCL.ReadBytes
 0001:00019AE8       IdStreamVCL.TIdStreamHelperVCL.Write
 0001:00032B5C       IdTask..TIdTask
 0001:00032BE4       IdTask.TIdTask.AfterRun
 0001:00032BE8       IdTask.TIdTask.BeforeRun
 0001:00032BF0       IdTask.TIdTask.Create
 0001:00032C30       IdTask.TIdTask.Destroy
 0001:00032C60       IdTask.TIdTask.DoAfterRun
 0001:00032C68       IdTask.TIdTask.DoBeforeRun
 0001:00032C7C       IdTask.TIdTask.DoException
 0001:00032C74       IdTask.TIdTask.DoRun
 0001:00032BEC       IdTask.TIdTask.HandleException
 0001:0002F1B0       IdTCPClient..TIdTCPClient
 0001:0002F020       IdTCPClient..TIdTCPClientCustom
 0001:0002F4D4       IdTCPClient.TIdTCPClientCustom.Connect
 0001:0002F814       IdTCPClient.TIdTCPClientCustom.ConnectAndGetAll
 0001:0002F870       IdTCPClient.TIdTCPClientCustom.DoOnConnected
 0001:0002FB70       IdTCPClient.TIdTCPClientCustom.GetReadTimeout
 0001:0002FB88       IdTCPClient.TIdTCPClientCustom.GetReuseSocket
 0001:0002FBA4       IdTCPClient.TIdTCPClientCustom.GetUseNagle
 0001:0002F494       IdTCPClient.TIdTCPClientCustom.InitComponent
 0001:0002FB60       IdTCPClient.TIdTCPClientCustom.MakeImplicitClientHandler
 0001:0002F8F0       IdTCPClient.TIdTCPClientCustom.SetBoundIP
 0001:0002F920       IdTCPClient.TIdTCPClientCustom.SetBoundPort
 0001:0002F890       IdTCPClient.TIdTCPClientCustom.SetConnectTimeout
 0001:0002F93C       IdTCPClient.TIdTCPClientCustom.SetHost
 0001:0002FA44       IdTCPClient.TIdTCPClientCustom.SetIOHandler
 0001:0002F984       IdTCPClient.TIdTCPClientCustom.SetIPVersion
 0001:0002F9D4       IdTCPClient.TIdTCPClientCustom.SetOnAfterBind
 0001:0002F99C       IdTCPClient.TIdTCPClientCustom.SetOnBeforeBind
 0001:0002FA0C       IdTCPClient.TIdTCPClientCustom.SetOnSocketAllocated
 0001:0002F964       IdTCPClient.TIdTCPClientCustom.SetPort
 0001:0002F8A8       IdTCPClient.TIdTCPClientCustom.SetReadTimeout
 0001:0002F8C0       IdTCPClient.TIdTCPClientCustom.SetReuseSocket
 0001:0002F8D8       IdTCPClient.TIdTCPClientCustom.SetUseNagle
 0001:0002DD9C       IdTCPConnection..TIdTCPConnection
 0001:0002E6D4       IdTCPConnection.TIdTCPConnection.CheckConnected
 0001:0002E464       IdTCPConnection.TIdTCPConnection.CheckForGracefulDisconnect
 0001:0002E4D8       IdTCPConnection.TIdTCPConnection.CheckResponse
 0001:0002E658       IdTCPConnection.TIdTCPConnection.CheckResponse
 0001:0002DFB4       IdTCPConnection.TIdTCPConnection.Connected
 0001:0002DFD0       IdTCPConnection.TIdTCPConnection.Destroy
 0001:0002E028       IdTCPConnection.TIdTCPConnection.Disconnect
 0001:0002E734       IdTCPConnection.TIdTCPConnection.Disconnect
 0001:0002E73C       IdTCPConnection.TIdTCPConnection.DisconnectNotifyPeer
 0001:0002E0D0       IdTCPConnection.TIdTCPConnection.DoOnDisconnected
 0001:0002DF94       IdTCPConnection.TIdTCPConnection.GetIntercept
 0001:0002E510       IdTCPConnection.TIdTCPConnection.GetInternalResponse
 0001:0002DFAC       IdTCPConnection.TIdTCPConnection.GetReplyClass
 0001:0002E0F0       IdTCPConnection.TIdTCPConnection.GetResponse
 0001:0002E5F0       IdTCPConnection.TIdTCPConnection.GetResponse
 0001:0002E690       IdTCPConnection.TIdTCPConnection.InitComponent
 0001:0002E258       IdTCPConnection.TIdTCPConnection.Notification
 0001:0002E740       IdTCPConnection.TIdTCPConnection.PrepareCmd
 0001:0002E1B8       IdTCPConnection.TIdTCPConnection.RaiseExceptionForLastCmdResult
 0001:0002E15C       IdTCPConnection.TIdTCPConnection.RaiseExceptionForLastCmdResult
 0001:0002E1C4       IdTCPConnection.TIdTCPConnection.SendCmd
 0001:0002E298       IdTCPConnection.TIdTCPConnection.SetIntercept
 0001:0002E348       IdTCPConnection.TIdTCPConnection.SetIOHandler
 0001:00035098       IdTCPServer..EIdTCPNoOnExecute
 0001:000350FC       IdTCPServer..TIdTCPServer
 0001:00035248       IdTCPServer.TIdTCPServer.CheckOkToBeActive
 0004:00004C54       IdThread..6
 0001:00035774       IdThread..EIdThreadException
 0001:000357D8       IdThread..EIdThreadTerminateAndWaitFor
 0001:0003587C       IdThread..TIdThread
 0001:00035950       IdThread..TIdThreadWithTask
 0001:00036250       IdThread.Finalization
 0003:00000EB0       IdThread.GThreadCount
 0002:00000520       IdThread.IdThread
 0001:00035A74       IdThread.TIdThread.AfterExecute
 0001:00035A6C       IdThread.TIdThread.AfterRun
 0001:00035A70       IdThread.TIdThread.BeforeExecute
 0001:00035A68       IdThread.TIdThread.BeforeRun
 0001:000360A8       IdThread.TIdThread.Cleanup
 0001:00035D04       IdThread.TIdThread.Create
 0001:00035D8C       IdThread.TIdThread.Destroy
 0001:00035FDC       IdThread.TIdThread.DoException
 0001:00035FC8       IdThread.TIdThread.DoStopped
 0001:00035A78       IdThread.TIdThread.Execute
 0001:00035F50       IdThread.TIdThread.GetStopped
 0001:00036158       IdThread.TIdThread.HandleRunException
 0001:00035E74       IdThread.TIdThread.Start
 0001:00035EE4       IdThread.TIdThread.Stop
 0001:00035FF4       IdThread.TIdThread.Terminate
 0001:000359F4       IdThread.TIdThread.TerminateAndWaitFor
 0001:0003615C       IdThread.TIdThreadWithTask.AfterRun
 0001:00036170       IdThread.TIdThreadWithTask.BeforeRun
 0001:000361A0       IdThread.TIdThreadWithTask.Create
 0001:000361EC       IdThread.TIdThreadWithTask.Destroy
[...]
   338 0001:0003260F   341 0001:00032614   342 0001:00032615   343 0001:0003261F
   345 0001:0003262F   348 0001:00032634   349 0001:0003264E   350 0001:0003265B
   351 0001:00032670   353 0001:00032694   356 0001:000326C4   357 0001:000326C7
   359 0001:000326CE   360 0001:000326D8   362 0001:000326EE   364 0001:000326F5
   365 0001:00032706   368 0001:00032711   369 0001:00032723   371 0001:0003272D
   376 0001:00032730   378 0001:0003274E   379 0001:0003275D   380 0001:00032761
   381 0001:0003277F   383 0001:000327B6   387 0001:000327EC   388 0001:000327F7
   389 0001:000327FB   391 0001:000327FF   400 0001:00032804   401 0001:00032813
   403 0001:00032821   404 0001:0003282B   406 0001:00032839   407 0001:00032844
   410 0001:0003285D   411 0001:00032878   415 0001:0003287F   420 0001:0003289D
   423 0001:000328AE   427 0001:000328BC   428 0001:000328C6   430 0001:000328CB
   432 0001:000328D2   436 0001:000328D4   437 0001:000328DA   438 0001:000328E4
   440 0001:000328E7   447 0001:000328E8   448 0001:000328F0   450 0001:000328F9
   458 0001:00032902   459 0001:0003290A   460 0001:00032914   461 0001:00032923
   463 0001:0003292B   466 0001:00032935   467 0001:0003293E   468 0001:00032950
   469 0001:00032958   470 0001:0003295F   472 0001:00032966   473 0001:0003296C
   474 0001:0003297A   475 0001:00032983   477 0001:0003298A   479 0001:00032996
   480 0001:0003299C   481 0001:000329A5   482 0001:000329AD   483 0001:000329B4
   486 0001:000329BD   490 0001:000329C7   492 0001:000329CD   496 0001:000329D8
   497 0001:000329DE   498 0001:000329E7   499 0001:000329EF   500 0001:000329F6
   502 0001:000329FF   504 0001:00032A07   509 0001:00032A11   515 0001:00032A18
   516 0001:00032A1B   518 0001:00032A21   519 0001:00032A25   520 0001:00032A33
   521 0001:00032A39   524 0001:00032A40   528 0001:00032A44   529 0001:00032A4E
   531 0001:00032A53   533 0001:00032A5A   537 0001:00032A5C   538 0001:00032A62
   539 0001:00032A6C   541 0001:00032A73   546 0001:00032A74   547 0001:00032A75
   548 0001:00032A82   549 0001:00032A8A   551 0001:00032A91   552 0001:00032A96
   555 0001:00032A98   556 0001:00032A9B   557 0001:00032AA2   558 0001:00032AA9
   559 0001:00032AB0   563 0001:00032AB4   564 0001:00032AB9   567 0001:00032ABC
   568 0001:00032ABF   569 0001:00032AF1   573 0001:00032AF8   574 0001:00032B04
   576 0001:00032B33

Line numbers for IdYarn(IdYarn.pas) segment .text

    46 0001:00000000

Line numbers for IdTask(IdTask.pas) segment .text

    95 0001:00032BE4    99 0001:00032BE8   103 0001:00032BEC   106 0001:00032BF0
   107 0001:00032C05   108 0001:00032C0E   109 0001:00032C11   110 0001:00032C15
   113 0001:00032C30   116 0001:00032C3B   120 0001:00032C43   121 0001:00032C4F
   125 0001:00032C60   126 0001:00032C64   130 0001:00032C68   131 0001:00032C6C
   132 0001:00032C71   136 0001:00032C74   137 0001:00032C79   141 0001:00032C7C
   142 0001:00032C81   144 0001:00032CB0

Line numbers for IdThreadSafe(IdThreadSafe.pas) segment .text

   251 0001:00032E18   252 0001:00032E2A   253 0001:00032E33   254 0001:00032E42
   257 0001:00032E5C   258 0001:00032E67   259 0001:00032E6F   260 0001:00032E7B
   264 0001:00032E8C   265 0001:00032E94   269 0001:00032E98   270 0001:00032EA0
   275 0001:00032EA4   276 0001:00032EAD   277 0001:00032EB5   278 0001:00032EC3
   279 0001:00032ECC   281 0001:00032EDF   283 0001:00032EEF   307 0001:00032EF8
   308 0001:00032F01   309 0001:00032F09   310 0001:00032F17   311 0001:00032F20
   313 0001:00032F33   315 0001:00032F43   568 0001:00032F4C   569 0001:00032F52
   570 0001:00032F56   572 0001:00032F65   574 0001:00032F67   661 0001:00032F6C
   662 0001:00032F7E   663 0001:00032F87   668 0001:00032FA4   669 0001:00032FAD
   670 0001:00032FB5   671 0001:00032FC3   673 0001:00032FD6   675 0001:00032FE6
   682 0001:00032FF0   683 0001:00033002   684 0001:0003300B   685 0001:0003300F
   688 0001:0003302C   689 0001:00033037   690 0001:00033044   691 0001:00033050
   699 0001:00033060   700 0001:0003306A   701 0001:00033074   703 0001:00033082
   704 0001:0003308D   705 0001:0003309B   703 0001:0003309C   707 0001:0003309F
   709 0001:000330B3   711 0001:000330C3   896 0001:000330C9

Line numbers for IdContext(IdContext.pas) segment .text

   143 0001:00033164   144 0001:0003317C   145 0001:00033188   146 0001:0003318B
   147 0001:0003318F   148 0001:00033195   151 0001:000331B4   152 0001:000331BF
   153 0001:000331C6   156 0001:000331CD   157 0001:000331D3   160 0001:000331DB
   161 0001:000331E7   169 0001:000331F8   173 0001:000331FB   174 0001:00033202
   177 0001:00033209   178 0001:00033210   180 0001:00033218   183 0001:0003321C
   184 0001:0003321D   185 0001:00033224   187 0001:00033230   189 0001:00033232
   192 0001:00033234   193 0001:00033237   194 0001:0003323E   197 0001:00033246
   198 0001:0003324D   200 0001:00033254   203 0001:00033258   204 0001:00033259
   205 0001:00033260   207 0001:0003326C   215 0001:00033270   216 0001:00033272
   217 0001:00033275   218 0001:00033279   219 0001:0003327F   220 0001:00033283
   223 0001:00033289   225 0001:000332BA

Line numbers for IdScheduler(IdScheduler.pas) segment .text

   148 0001:00033360   149 0001:0003336B   150 0001:00033373   151 0001:0003337F
   155 0001:00033390   158 0001:00033394   159 0001:00033397   160 0001:0003339E
   161 0001:000333AD   165 0001:000333B0   166 0001:000333B8   172 0001:000333BC
   173 0001:000333C6   177 0001:000333E3   178 0001:000333F0   179 0001:000333FE
   180 0001:00033405   182 0001:0003340C   183 0001:00033414   186 0001:00033427
   182 0001:00033428   188 0001:0003343A   191 0001:0003344D   175 0001:00033457
   193 0001:00033459   195 0001:000334D6

Line numbers for IdServerIOHandler(IdServerIOHandler.pas) segment .text

    84 0001:00033594    91 0001:00033598    92 0001:0003359B    93 0001:0003359D
    97 0001:000335A4    98 0001:000335A6   103 0001:000335A8   105 0001:000335A9
   106 0001:000335B6   108 0001:000335BE   109 0001:000335C3   113 0001:000335C8
   118 0001:000335CE   120 0001:000335D8   121 0001:000335DC   123 0001:000335E3
   125 0001:000335EB   126 0001:000335EF   130 0001:000335F6   134 0001:000335FC
   136 0001:0003362B

Line numbers for IdServerIOHandlerSocket(IdServerIOHandlerSocket.pas) segment .text

   111 0001:00033700   120 0001:00033704   122 0001:00033713   123 0001:0003372B
   125 0001:00033743   126 0001:00033748   127 0001:0003375A   128 0001:00033768
   130 0001:00033775   131 0001:00033785   132 0001:000337A5   133 0001:000337AD
   134 0001:000337B3   135 0001:000337B8   129 0001:000337BA   140 0001:000337D2
   142 0001:000337E2   145 0001:00033844   146 0001:00033847   147 0001:0003384E
   148 0001:00033859   150 0001:00033889

Line numbers for IdServerIOHandlerStack(IdServerIOHandlerStack.pas) segment .text

    78 0001:00033954    79 0001:00033957    80 0001:0003395E    81 0001:00033969
    85 0001:0003396C    86 0001:0003397B    88 0001:000339AA

Line numbers for IdGlobalCore(IdGlobalCore.pas) segment .text

    48 0001:00000000

Line numbers for IdSchedulerOfThreadDefault(IdSchedulerOfThreadDefault.pas) segment .text

    90 0001:00033A7C    91 0001:00033A80    92 0001:00033A92    93 0001:00033A9C
   103 0001:00033AA4   105 0001:00033AA6   106 0001:00033AAB   111 0001:00033AB0
   113 0001:00033AB5   115 0001:00033AB9   116 0001:00033ABE   121 0001:00033AC5
   122 0001:00033AD0   127 0001:00033AD6   129 0001:00033ADD   130 0001:00033AE4
   133 0001:00033AEB   137 0001:00033AF0   142 0001:00033AF5   144 0001:00033B24

Line numbers for IdCustomTCPServer(IdCustomTCPServer.pas) segment .text

   446 0001:000341B0   447 0001:000341B1   448 0001:000341BB   450 0001:000341C9
   453 0001:000341CC   454 0001:000341D7   456 0001:000341E3   459 0001:000341EF
   461 0001:000341FA   462 0001:00034205   464 0001:00034210   465 0001:0003421C
   468 0001:0003422C   469 0001:0003422D   470 0001:00034237   472 0001:00034245
   475 0001:00034248   476 0001:00034249   477 0001:00034253   479 0001:00034263
   482 0001:00034268   483 0001:0003426F   484 0001:0003428F   491 0001:00034294
   492 0001:0003429B   493 0001:000342A1   494 0001:000342A5   495 0001:000342AF
   496 0001:000342BF   497 0001:000342C3   500 0001:000342CD   501 0001:000342D6
   508 0001:000342DC   509 0001:000342E0   510 0001:000342E7   511 0001:000342F0
   512 0001:000342F4   513 0001:000342FD   514 0001:00034303   515 0001:0003430B
   516 0001:00034314   519 0001:0003431B   523 0001:00034320   524 0001:0003432E
   527 0001:00034330   528 0001:00034331   529 0001:0003433B   531 0001:00034349
   534 0001:0003434C   535 0001:0003434D   536 0001:00034357   538 0001:00034365
   541 0001:00034368   542 0001:00034369   543 0001:00034373   545 0001:00034381
   551 0001:00034384   552 0001:00034388   553 0001:00034392   555 0001:000343A2
   556 0001:000343A4   557 0001:000343A8   558 0001:000343AB   559 0001:000343AF
   562 0001:000343B6   565 0001:000343BC   566 0001:000343BD   567 0001:000343C7
   569 0001:000343D5   573 0001:000343D8   574 0001:000343E2   577 0001:000343E4
   578 0001:000343E7   580 0001:000343EE   581 0001:000343F7   582 0001:000343FE
   584 0001:0003440A   589 0001:0003440C   591 0001:0003440D   592 0001:00034412
   593 0001:0003441A   594 0001:00034422   596 0001:0003442B   597 0001:00034433
   599 0001:0003443D   600 0001:00034445   601 0001:0003444D   604 0001:00034454
   605 0001:00034459   608 0001:0003445C   612 0001:00034468   613 0001:00034480
   615 0001:0003448E   616 0001:00034499   617 0001:0003449D   618 0001:000344A5
   619 0001:000344B3   621 0001:000344CD   622 0001:000344D7   623 0001:000344E4
   625 0001:000344EE   628 0001:000344FA   629 0001:00034504   632 0001:0003450F
   635 0001:00034518   636 0001:0003451B   637 0001:00034526   641 0001:00034528
   642 0001:00034532   647 0001:00034534   652 0001:0003453A   655 0001:00034544
   656 0001:00034548   658 0001:0003454F   660 0001:00034557   661 0001:0003455B
   665 0001:00034562   672 0001:00034568   673 0001:00034587   675 0001:00034590
   680 0001:00034595   681 0001:0003459E   688 0001:000345BF   693 0001:000345C8
   694 0001:000345D0   695 0001:000345D7   700 0001:000345DF   701 0001:000345E5
   705 0001:000345EF   710 0001:000345F5   711 0001:000345F9   715 0001:00034602
   716 0001:00034608   717 0001:0003460C   720 0001:00034613   726 0001:00034638
   727 0001:0003463F   729 0001:00034648   740 0001:0003464D   741 0001:00034656
   742 0001:0003465E   743 0001:00034665   748 0001:0003466C   749 0001:00034672
   755 0001:0003467C   757 0001:00034682   761 0001:00034686   763 0001:0003468F
   766 0001:0003469C   775 0001:000346A0   776 0001:000346C2   777 0001:000346D2
   779 0001:000346E0   780 0001:000346E6   782 0001:000346F6   783 0001:0003470A
   785 0001:00034719   786 0001:00034727   788 0001:0003472D   789 0001:00034738
   790 0001:00034740   791 0001:00034752   781 0001:00034755   794 0001:00034777
   795 0001:0003477A   796 0001:00034780   797 0001:00034796   795 0001:00034799
   799 0001:0003479F   802 0001:000347A9   803 0001:000347B1   808 0001:000347B9
   809 0001:000347C7   810 0001:000347CD   813 0001:000347DA   815 0001:000347FC
   816 0001:00034810   817 0001:00034821   818 0001:00034837   819 0001:00034845
   820 0001:0003486C   823 0001:0003487D   824 0001:00034887   826 0001:000348A0
   827 0001:000348A8   828 0001:000348B0   830 0001:000348BA   831 0001:000348C2
   813 0001:000348C5   833 0001:000348D9   835 0001:000348EF   842 0001:0003494C
   843 0001:00034955   844 0001:00034965   849 0001:00034975   851 0001:00034980
   852 0001:00034987   854 0001:0003498F   855 0001:00034996   856 0001:0003499D
   848 0001:000349A6   859 0001:000349B9   861 0001:000349CF   880 0001:000349D4
   886 0001:000349F6   887 0001:00034A07   888 0001:00034A0F   889 0001:00034A1D
   890 0001:00034A2B   891 0001:00034A37   895 0001:00034A4F   900 0001:00034A82
   901 0001:00034A8C   889 0001:00034A8D   903 0001:00034A9D   910 0001:00034AB3
   911 0001:00034ABC   912 0001:00034AC0   914 0001:00034AC5   917 0001:00034B3C
   918 0001:00034B3D   919 0001:00034B47   921 0001:00034B55   926 0001:00034B58
   929 0001:00034B5C   938 0001:00034B5F   942 0001:00034B6B   945 0001:00034B70
   946 0001:00034B73   947 0001:00034B7A   948 0001:00034B8E   949 0001:00034BA0
   951 0001:00034BAB   952 0001:00034BB5   953 0001:00034BBF   956 0001:00034BD1
   957 0001:00034BD8   963 0001:00034BDC   965 0001:00034BE3   968 0001:00034BEB
   969 0001:00034BF9   973 0001:00034C0E   974 0001:00034C1A   978 0001:00034C2F
   979 0001:00034C38   980 0001:00034C3C   982 0001:00034C41  1004 0001:00034C44
  1006 0001:00034C5B  1010 0001:00034C6A  1014 0001:00034C75  1016 0001:00034C81
  1017 0001:00034C94  1021 0001:00034CA8  1022 0001:00034CBB  1030 0001:00034CCD
  1031 0001:00034CD3  1032 0001:00034CD7  1033 0001:00034CE7  1034 0001:00034CF3
  1036 0001:00034CFA  1039 0001:00034D01  1040 0001:00034D09  1041 0001:00034D0D
  1042 0001:00034D1D  1043 0001:00034D29  1045 0001:00034D30  1047 0001:00034D4A
  1049 0001:00034D51  1050 0001:00034D58  1055 0001:00034D90  1060 0001:00034D94
  1061 0001:00034D97  1064 0001:00034D9E  1065 0001:00034DA6  1068 0001:00034DA8
  1069 0001:00034DAB  1070 0001:00034DB2  1071 0001:00034DB9  1073 0001:00034DC1
  1076 0001:00034DC4  1077 0001:00034DDC  1078 0001:00034DEB  1079 0001:00034DF1
  1080 0001:00034DF4  1092 0001:00034E14  1093 0001:00034E20  1094 0001:00034E3D
  1096 0001:00034E60  1097 0001:00034E65  1098 0001:00034E6A  1099 0001:00034E6F
  1101 0001:00034E7D  1107 0001:00034E91  1108 0001:00034EB1  1110 0001:00034EB5
  1111 0001:00034EBD  1114 0001:00034EC4  1125 0001:00034ED5  1126 0001:00034EDF
  1133 0001:00034EE9  1134 0001:00034F0A  1135 0001:00034F17  1136 0001:00034F1F
  1140 0001:00034F24  1141 0001:00034F46  1145 0001:00034F52  1146 0001:00034F66
  1147 0001:00034F7A  1148 0001:00034F8E  1150 0001:00034FA2  1153 0001:00034FB0
  1155 0001:00034FE2  1158 0001:00034FE4  1159 0001:00034FEA  1161 0001:00034FF1
  1162 0001:00034FF9  1164 0001:00035001  1165 0001:00035007  1171 0001:0003501B
  1172 0001:0003502C  1176 0001:00035041  1178 0001:000350C6

Line numbers for IdTCPServer(IdTCPServer.pas) segment .text

    47 0001:00035248    48 0001:0003525E    49 0001:00035265    50 0001:0003526F
    52 0001:00035290    54 0001:000352DF

Line numbers for IdSchedulerOfThread(IdSchedulerOfThread.pas) segment .text

   180 0001:0003544C   181 0001:00035457   182 0001:0003545E   183 0001:0003546A
   188 0001:00035478   189 0001:00035479   190 0001:0003547C   191 0001:00035485
   192 0001:0003548C   195 0001:00035490   196 0001:000354B0   197 0001:000354CA
   198 0001:000354E0   200 0001:00035501   201 0001:0003552E   202 0001:00035536
   204 0001:00035544   207 0001:000355D0   208 0001:000355E4   209 0001:000355E8
   212 0001:00035609   213 0001:0003561A   219 0001:00035640   220 0001:00035644
   221 0001:0003565C   222 0001:0003565F   223 0001:00035665   225 0001:0003566F
   235 0001:00035677   237 0001:0003567E   240 0001:000356D4   241 0001:000356D7
   242 0001:000356DE   243 0001:000356E2   244 0001:000356E7   245 0001:000356EF
   253 0001:000356F4   254 0001:00035711   255 0001:0003571A   256 0001:0003571D
   257 0001:00035720   258 0001:00035723   261 0001:00035744   262 0001:0003574F
   263 0001:00035759   264 0001:00035765   266 0001:000357A1

Line numbers for IdThread(IdThread.pas) segment .text

   359 0001:000359F4   360 0001:00035A0A   361 0001:00035A10   363 0001:00035A31
   364 0001:00035A38   365 0001:00035A3F   366 0001:00035A46   370 0001:00035A68
   374 0001:00035A6C   378 0001:00035A70   382 0001:00035A74   385 0001:00035A78
   391 0001:00035A82   392 0001:00035A8B   394 0001:00035A9B   403 0001:00035AA9
   404 0001:00035AB7   405 0001:00035ABF   407 0001:00035AD2   408 0001:00035ADE
   411 0001:00035AE6   412 0001:00035AF2   419 0001:00035AFF   421 0001:00035B07
   427 0001:00035B14   428 0001:00035B1B   429 0001:00035B29   430 0001:00035B37
   431 0001:00035B45   432 0001:00035B4D   434 0001:00035B58   435 0001:00035B66
   437 0001:00035B89   438 0001:00035B8B   439 0001:00035B99   440 0001:00035BA1
   433 0001:00035BAB   446 0001:00035BB9   447 0001:00035BC7   449 0001:00035BEA
   450 0001:00035BEC   451 0001:00035BFA   452 0001:00035C02   458 0001:00035C19
   461 0001:00035C38   462 0001:00035C40   465 0001:00035C57   406 0001:00035C67
   469 0001:00035C81   472 0001:00035CAC   473 0001:00035CAE   474 0001:00035CBB
   475 0001:00035CC9   476 0001:00035CD3   479 0001:00035CE0   505 0001:00035D04
   509 0001:00035D1D   510 0001:00035D27   511 0001:00035D2B   513 0001:00035D2F
   514 0001:00035D3E   515 0001:00035D45   529 0001:00035D50

Line numbers for IdThread(IdThread.pas) segment .text

   543 0001:00035D5B

Line numbers for IdThread(IdThread.pas) segment .text

   545 0001:00035D65   548 0001:00035D8C   549 0001:00035D9D   550 0001:00035DAC
   551 0001:00035DBA   552 0001:00035DC3   558 0001:00035DD8   559 0001:00035DE6
   564 0001:00035DFE   565 0001:00035E24   566 0001:00035E37

Line numbers for IdThread(IdThread.pas) segment .text

   569 0001:00035E42

Line numbers for IdThread(IdThread.pas) segment .text

   573 0001:00035E5F   576 0001:00035E74   577 0001:00035E7B   578 0001:00035E94
   581 0001:00035EA0   582 0001:00035EA9   584 0001:00035EB2   589 0001:00035EB9
   593 0001:00035ECE   594 0001:00035EE1   597 0001:00035EE4   598 0001:00035EEB
   599 0001:00035F04   600 0001:00035F10   601 0001:00035F1B   604 0001:00035F23
   606 0001:00035F37   607 0001:00035F4A   610 0001:00035F50   611 0001:00035F59
   612 0001:00035F63   614 0001:00035F76   615 0001:00035FA7   617 0001:00035FBA
   619 0001:00035FBE   622 0001:00035FC8   623 0001:00035FC9   624 0001:00035FD0
   626 0001:00035FDA   629 0001:00035FDC   630 0001:00035FDD   631 0001:00035FE4
   633 0001:00035FF0   636 0001:00035FF4   638 0001:00035FFB   640 0001:00036018
   641 0001:00036031   642 0001:00036038   643 0001:0003604D   644 0001:00036060
   654 0001:000360A8   655 0001:000360B2   664 0001:000360B9   666 0001:000360D0
   667 0001:000360D6   669 0001:000360DC   670 0001:000360E9   673 0001:000360F7
   674 0001:00036107   677 0001:0003611F   684 0001:00036132   687 0001:0003613D
   689 0001:00036146   694 0001:00036151   699 0001:00036158   700 0001:0003615A
   717 0001:0003615C   718 0001:0003615F   719 0001:00036167   720 0001:0003616E
   723 0001:00036170   724 0001:00036173   725 0001:0003617A   726 0001:00036182
   729 0001:00036184   730 0001:0003618A   731 0001:00036193   732 0001:0003619D
   735 0001:000361A0   736 0001:000361B8   737 0001:000361C9   738 0001:000361CC
   741 0001:000361EC   742 0001:000361F7   743 0001:000361FF   744 0001:0003620B
   747 0001:0003621C   748 0001:0003621F   749 0001:0003622B   751 0001:00036232
   754 0001:00036234   755 0001:0003623A   756 0001:0003623F   757 0001:00036247
   759 0001:0003624A

Line numbers for IdThread(IdThread.pas) segment .itext

   766 0002:00000520

Line numbers for IdThread(IdThread.pas) segment .itext

   782 0002:00000529   785 0002:0000053A   786 0002:00000544

Line numbers for IdThread(IdThread.pas) segment .text

   801 0001:00036250

Line numbers for IdThread(IdThread.pas) segment .itext

   790 0002:00000551

Line numbers for CLIServer(CLIServer.pas) segment .text

    27 0001:000362D8    28 0001:00036304    29 0001:0003630D    30 0001:00036320
    31 0001:00036330    32 0001:0003633E    33 0001:0003634B    34 0001:0003638F
    44 0001:00036400    45 0001:00036425    46 0001:0003644C    47 0001:00036462
    48 0001:000364AF    50 0001:0003654A

Line numbers for CLILoggerServer(CLILoggerServer.dpr) segment .itext

    10 0002:00000554    11 0002:00000572    12 0002:00000580    13 0002:0000058E
    14 0002:000005A7    15 0002:000005B8    17 0002:000005E2    18 0002:000005E4
    21 0002:0000062F    23 0002:00000641

Bound resource files

C:\Users\AQUASOFT\AppData\Local\Temp\dtf711D.tmp


Program entry point at 0002:00000554
